 openh264

 Timestamp is 65301193 (Thu Oct 19 01:10:43 2023)

 Preferred load address is 0000000180000000

 Start         Length     Name                   Class
 0001:00000000 0001d260H .text                   CODE
 0001:0001d260 0009fe90H .text$mn                CODE
 0001:000bd0f0 00000040H .text$mn$00             CODE
 0001:000bd130 00000910H .text$x                 CODE
 0002:00000000 00000b00H .rodata                 CODE
 0003:00000000 000002c8H .idata$5                DATA
 0003:000002c8 00000038H .00cfg                  DATA
 0003:00000300 00000008H .CRT$XCA                DATA
 0003:00000308 00000008H .CRT$XCZ                DATA
 0003:00000310 00000008H .CRT$XIA                DATA
 0003:00000318 00000028H .CRT$XIC                DATA
 0003:00000340 00000008H .CRT$XIZ                DATA
 0003:00000348 00000008H .CRT$XLA                DATA
 0003:00000350 00000008H .CRT$XLZ                DATA
 0003:00000358 00000008H .CRT$XPA                DATA
 0003:00000360 00000010H .CRT$XPX                DATA
 0003:00000370 00000008H .CRT$XPXA               DATA
 0003:00000378 00000008H .CRT$XPZ                DATA
 0003:00000380 00000008H .CRT$XTA                DATA
 0003:00000388 00000008H .CRT$XTZ                DATA
 0003:00000390 00000000H .gehcont$y              DATA
 0003:00000390 00000000H .gfids$y                DATA
 0003:00000390 0001ba70H .rdata                  DATA
 0003:0001be00 00000000H .rdata$CastGuardVftablesA DATA
 0003:0001be00 00000000H .rdata$CastGuardVftablesC DATA
 0003:0001be00 00000028H .rdata$T                DATA
 0003:0001be28 00001be4H .rdata$r                DATA
 0003:0001da0c 0000011cH .rdata$voltmd           DATA
 0003:0001db28 000003d0H .rdata$zzzdbg           DATA
 0003:0001def8 00000008H .rtc$IAA                DATA
 0003:0001df00 00000008H .rtc$IZZ                DATA
 0003:0001df08 00000008H .rtc$TAA                DATA
 0003:0001df10 00000008H .rtc$TZZ                DATA
 0003:0001df18 00000004H .tls                    DATA
 0003:0001df1c 00000004H .tls$                   DATA
 0003:0001df20 00000008H .tls$ZZZ                DATA
 0003:0001df28 000070f8H .xdata                  DATA
 0003:00025020 00000150H .xdata$x                DATA
 0003:00025170 000000ecH .edata                  DATA
 0003:0002525c 00000014H .idata$2                DATA
 0003:00025270 00000018H .idata$3                DATA
 0003:00025288 000002c8H .idata$4                DATA
 0003:00025550 00000682H .idata$6                DATA
 0004:00000000 00000be0H .data                   DATA
 0004:00000be0 000000b0H .data$r                 DATA
 0004:00000c90 00000b10H .data$rs                DATA
 0004:000017a0 000012e0H .bss                    DATA
 0005:00000000 000064d4H .pdata                  DATA
 0006:00000000 0000015cH _RDATA                  DATA
 0007:00000000 00000060H .rsrc$01                DATA
 0007:00000060 000003a0H .rsrc$02                DATA

  Address         Publics by Value              Rva+Base               Lib:Object

 0000:00000000       __AbsoluteZero             0000000000000000     <absolute>
 0000:00000000       ___safe_se_handler_count   0000000000000000     <absolute>
 0000:00000000       ___safe_se_handler_table   0000000000000000     <absolute>
 0000:00000000       __arm64x_extra_rfe_table   0000000000000000     <absolute>
 0000:00000000       __arm64x_extra_rfe_table_size 0000000000000000     <absolute>
 0000:00000000       __arm64x_native_entrypoint 0000000000000000     <absolute>
 0000:00000000       __arm64x_redirection_metadata 0000000000000000     <absolute>
 0000:00000000       __arm64x_redirection_metadata_count 0000000000000000     <absolute>
 0000:00000000       __dynamic_value_reloc_table 0000000000000000     <absolute>
 0000:00000000       __enclave_config           0000000000000000     <absolute>
 0000:00000000       __guard_check_icall_a64n_fptr 0000000000000000     <absolute>
 0000:00000000       __guard_eh_cont_count      0000000000000000     <absolute>
 0000:00000000       __guard_eh_cont_table      0000000000000000     <absolute>
 0000:00000000       __guard_fids_count         0000000000000000     <absolute>
 0000:00000000       __guard_fids_table         0000000000000000     <absolute>
 0000:00000000       __guard_iat_count          0000000000000000     <absolute>
 0000:00000000       __guard_iat_table          0000000000000000     <absolute>
 0000:00000000       __guard_longjmp_count      0000000000000000     <absolute>
 0000:00000000       __guard_longjmp_table      0000000000000000     <absolute>
 0000:00000000       __hybrid_auxiliary_delayload_iat 0000000000000000     <absolute>
 0000:00000000       __hybrid_auxiliary_delayload_iat_copy 0000000000000000     <absolute>
 0000:00000000       __hybrid_auxiliary_iat     0000000000000000     <absolute>
 0000:00000000       __hybrid_auxiliary_iat_copy 0000000000000000     <absolute>
 0000:00000000       __hybrid_code_map          0000000000000000     <absolute>
 0000:00000000       __hybrid_code_map_count    0000000000000000     <absolute>
 0000:00000000       __hybrid_image_info_bitfield 0000000000000000     <absolute>
 0000:00000000       __x64_code_ranges_to_entry_points 0000000000000000     <absolute>
 0000:00000000       __x64_code_ranges_to_entry_points_count 0000000000000000     <absolute>
 0000:00000100       __guard_flags              0000000000000100     <absolute>
 0000:00000000       __ImageBase                0000000180000000     <linker-defined>
 0001:00000000       CavlcParamCal_sse42        0000000180001000     coeff.obj
 0001:000000e0       WelsHadamardT4Dc_sse2      00000001800010e0     dct.obj
 0001:000002e0       WelsI4x4LumaPredH_sse2     00000001800012e0     intra_pred.obj
 0001:00000350       WelsI16x16LumaPredPlane_sse2 0000000180001350     intra_pred.obj
 0001:00000570       WelsIChromaPredPlane_sse2  0000000180001570     intra_pred.obj
 0001:00000720       WelsI4x4LumaPredDDR_mmx    0000000180001720     intra_pred.obj
 0001:000007b0       WelsI4x4LumaPredDc_sse2    00000001800017b0     intra_pred.obj
 0001:00000820       WelsIChromaPredH_mmx       0000000180001820     intra_pred.obj
 0001:00000900       WelsI4x4LumaPredV_sse2     0000000180001900     intra_pred.obj
 0001:00000920       WelsIChromaPredV_sse2      0000000180001920     intra_pred.obj
 0001:00000950       WelsI4x4LumaPredHD_mmx     0000000180001950     intra_pred.obj
 0001:000009f0       WelsI4x4LumaPredHU_mmx     00000001800019f0     intra_pred.obj
 0001:00000a80       WelsI4x4LumaPredVR_mmx     0000000180001a80     intra_pred.obj
 0001:00000b20       WelsI4x4LumaPredDDL_mmx    0000000180001b20     intra_pred.obj
 0001:00000b80       WelsI4x4LumaPredVL_mmx     0000000180001b80     intra_pred.obj
 0001:00000bd0       WelsIChromaPredDc_sse2     0000000180001bd0     intra_pred.obj
 0001:00000cd0       WelsI16x16LumaPredDc_sse2  0000000180001cd0     intra_pred.obj
 0001:00000e30       TransposeMatrixBlock16x16_sse2 0000000180001e30     matrix_transpose.obj
 0001:00001190       TransposeMatrixBlocksx16_sse2 0000000180002190     matrix_transpose.obj
 0001:00001580       TransposeMatrixBlock8x8_mmx 0000000180002580     matrix_transpose.obj
 0001:00001670       TransposeMatrixBlocksx8_mmx 0000000180002670     matrix_transpose.obj
 0001:000017c0       WelsPrefetchZero_mmx       00000001800027c0     memzero.obj
 0001:000017d0       WelsSetMemZeroAligned64_sse2 00000001800027d0     memzero.obj
 0001:00001800       WelsSetMemZeroSize64_mmx   0000000180002800     memzero.obj
 0001:00001840       WelsSetMemZeroSize8_mmx    0000000180002840     memzero.obj
 0001:00001860       WelsQuant4x4_sse2          0000000180002860     quant.obj
 0001:000018c0       WelsQuant4x4Dc_sse2        00000001800028c0     quant.obj
 0001:00001940       WelsQuantFour4x4_sse2      0000000180002940     quant.obj
 0001:00001aa0       WelsQuantFour4x4Max_sse2   0000000180002aa0     quant.obj
 0001:00001cb0       WelsHadamardQuant2x2_mmx   0000000180002cb0     quant.obj
 0001:00001d50       WelsHadamardQuant2x2Skip_mmx 0000000180002d50     quant.obj
 0001:00001dd0       WelsDequant4x4_sse2        0000000180002dd0     quant.obj
 0001:00001df0       WelsDequantFour4x4_sse2    0000000180002df0     quant.obj
 0001:00001e70       WelsDequantIHadamard4x4_sse2 0000000180002e70     quant.obj
 0001:00001fb0       WelsQuant4x4_avx2          0000000180002fb0     quant.obj
 0001:00001ff0       WelsQuant4x4Dc_avx2        0000000180002ff0     quant.obj
 0001:00002030       WelsQuantFour4x4_avx2      0000000180003030     quant.obj
 0001:000020d0       WelsQuantFour4x4Max_avx2   00000001800030d0     quant.obj
 0001:000021e0       SumOf8x8BlockOfFrame_sse2  00000001800031e0     sample_sc.obj
 0001:000022f0       SumOf8x8BlockOfFrame_sse4  00000001800032f0     sample_sc.obj
 0001:000025a0       SumOf16x16BlockOfFrame_sse2 00000001800035a0     sample_sc.obj
 0001:00002750       SumOf16x16BlockOfFrame_sse4 0000000180003750     sample_sc.obj
 0001:00002d30       FillQpelLocationByFeatureValue_sse2 0000000180003d30     sample_sc.obj
 0001:00002e50       InitializeHashforFeature_sse2 0000000180003e50     sample_sc.obj
 0001:00002f80       SumOf8x8SingleBlock_sse2   0000000180003f80     sample_sc.obj
 0001:00002fe0       SumOf16x16SingleBlock_sse2 0000000180003fe0     sample_sc.obj
 0001:000030e0       SampleSad16x16Hor8_sse41   00000001800040e0     sample_sc.obj
 0001:000035d0       SampleSad8x8Hor8_sse41     00000001800045d0     sample_sc.obj
 0001:00003750       WelsScan4x4DcAc_sse2       0000000180004750     score.obj
 0001:000037b0       WelsScan4x4DcAc_ssse3      00000001800047b0     score.obj
 0001:000037f0       WelsScan4x4Ac_sse2         00000001800047f0     score.obj
 0001:00003870       WelsCalculateSingleCtr4x4_sse2 0000000180004870     score.obj
 0001:00003900       WelsGetNoneZeroCount_sse2  0000000180004900     score.obj
 0001:00003950       WelsGetNoneZeroCount_sse42 0000000180004950     score.obj
 0001:00003970       WelsBlockZero16x16_sse2    0000000180004970     dct.obj
 0001:00003a40       WelsBlockZero8x8_sse2      0000000180004a40     dct.obj
 0001:00003a90       WelsDecoderI4x4LumaPredH_sse2 0000000180004a90     intra_pred.obj
 0001:00003b00       WelsDecoderI16x16LumaPredPlane_sse2 0000000180004b00     intra_pred.obj
 0001:00003d20       WelsDecoderI16x16LumaPredH_sse2 0000000180004d20     intra_pred.obj
 0001:00003f00       WelsDecoderI16x16LumaPredV_sse2 0000000180004f00     intra_pred.obj
 0001:00003f80       WelsDecoderIChromaPredPlane_sse2 0000000180004f80     intra_pred.obj
 0001:00004130       WelsDecoderI4x4LumaPredDDR_mmx 0000000180005130     intra_pred.obj
 0001:000041d0       WelsDecoderIChromaPredH_mmx 00000001800051d0     intra_pred.obj
 0001:000042c0       WelsDecoderIChromaPredV_mmx 00000001800052c0     intra_pred.obj
 0001:00004300       WelsDecoderI4x4LumaPredHD_mmx 0000000180005300     intra_pred.obj
 0001:000043a0       WelsDecoderI4x4LumaPredHU_mmx 00000001800053a0     intra_pred.obj
 0001:00004440       WelsDecoderI4x4LumaPredVR_mmx 0000000180005440     intra_pred.obj
 0001:000044f0       WelsDecoderI4x4LumaPredDDL_mmx 00000001800054f0     intra_pred.obj
 0001:00004560       WelsDecoderI4x4LumaPredVL_mmx 0000000180005560     intra_pred.obj
 0001:000045c0       WelsDecoderIChromaPredDc_sse2 00000001800055c0     intra_pred.obj
 0001:000046d0       WelsDecoderI16x16LumaPredDc_sse2 00000001800056d0     intra_pred.obj
 0001:00004840       WelsDecoderI16x16LumaPredDcTop_sse2 0000000180005840     intra_pred.obj
 0001:00004910       WelsDecoderI16x16LumaPredDcNA_sse2 0000000180005910     intra_pred.obj
 0001:00004980       WelsDecoderIChromaPredDcLeft_mmx 0000000180005980     intra_pred.obj
 0001:00004a40       WelsDecoderIChromaPredDcTop_sse2 0000000180005a40     intra_pred.obj
 0001:00004af0       WelsDecoderIChromaPredDcNA_mmx 0000000180005af0     intra_pred.obj
 0001:00004b30       BilateralLumaFilter8_sse2  0000000180005b30     denoisefilter.obj
 0001:00004d80       WaverageChromaFilter8_sse2 0000000180005d80     denoisefilter.obj
 0001:00004fa0       DyadicBilinearDownsamplerWidthx32_sse 0000000180005fa0     downsample_bilinear.obj
 0001:000050e0       DyadicBilinearDownsamplerWidthx16_sse 00000001800060e0     downsample_bilinear.obj
 0001:000051b0       DyadicBilinearDownsamplerWidthx8_sse 00000001800061b0     downsample_bilinear.obj
 0001:00005250       DyadicBilinearDownsamplerWidthx32_ssse3 0000000180006250     downsample_bilinear.obj
 0001:00005300       DyadicBilinearDownsamplerWidthx16_ssse3 0000000180006300     downsample_bilinear.obj
 0001:00005390       GeneralBilinearAccurateDownsampler_sse2 0000000180006390     downsample_bilinear.obj
 0001:00005570       GeneralBilinearFastDownsampler_sse2 0000000180006570     downsample_bilinear.obj
 0001:00005730       DyadicBilinearOneThirdDownsampler_ssse3 0000000180006730     downsample_bilinear.obj
 0001:000058d0       DyadicBilinearOneThirdDownsampler_sse4 00000001800068d0     downsample_bilinear.obj
 0001:00005a70       DyadicBilinearQuarterDownsampler_sse 0000000180006a70     downsample_bilinear.obj
 0001:00005bd0       DyadicBilinearQuarterDownsampler_ssse3 0000000180006bd0     downsample_bilinear.obj
 0001:00005cc0       DyadicBilinearQuarterDownsampler_sse4 0000000180006cc0     downsample_bilinear.obj
 0001:00005db0       GeneralBilinearFastDownsampler_ssse3 0000000180006db0     downsample_bilinear.obj
 0001:00006490       GeneralBilinearAccurateDownsampler_sse41 0000000180007490     downsample_bilinear.obj
 0001:00006c30       GeneralBilinearFastDownsampler_avx2 0000000180007c30     downsample_bilinear.obj
 0001:00007650       GeneralBilinearAccurateDownsampler_avx2 0000000180008650     downsample_bilinear.obj
 0001:000081b0       SampleVariance16x16_sse2   00000001800091b0     vaa.obj
 0001:00008330       VAACalcSad_sse2            0000000180009330     vaa.obj
 0001:00008550       VAACalcSadVar_sse2         0000000180009550     vaa.obj
 0001:00008ab0       VAACalcSadSsd_sse2         0000000180009ab0     vaa.obj
 0001:00009330       VAACalcSadBgd_sse2         000000018000a330     vaa.obj
 0001:00009940       VAACalcSadSsdBgd_sse2      000000018000a940     vaa.obj
 0001:0000a600       VAACalcSad_avx2            000000018000b600     vaa.obj
 0001:0000a920       VAACalcSadVar_avx2         000000018000b920     vaa.obj
 0001:0000af00       VAACalcSadSsd_avx2         000000018000bf00     vaa.obj
 0001:0000b860       VAACalcSadBgd_avx2         000000018000c860     vaa.obj
 0001:0000c030       VAACalcSadSsdBgd_avx2      000000018000d030     vaa.obj
 0001:0000ce00       WelsCPUIdVerify            000000018000de00     cpuid.obj
 0001:0000ce10       WelsCPUId                  000000018000de10     cpuid.obj
 0001:0000ce30       WelsCPUSupportAVX          000000018000de30     cpuid.obj
 0001:0000ce60       WelsCPUSupportFMA          000000018000de60     cpuid.obj
 0001:0000ce90       WelsEmms                   000000018000de90     cpuid.obj
 0001:0000cea0       WelsCPUDetectAVX512        000000018000dea0     cpuid.obj
 0001:0000cef0       WelsDctT4_mmx              000000018000def0     dct.obj
 0001:0000d000       IdctResAddPred_mmx         000000018000e000     dct.obj
 0001:0000d010       WelsIDctT4Rec_mmx          000000018000e010     dct.obj
 0001:0000d150       WelsDctFourT4_sse2         000000018000e150     dct.obj
 0001:0000d480       WelsIDctFourT4Rec_sse2     000000018000e480     dct.obj
 0001:0000d870       WelsDctT4_sse2             000000018000e870     dct.obj
 0001:0000d980       IdctResAddPred_sse2        000000018000e980     dct.obj
 0001:0000d990       WelsIDctT4Rec_sse2         000000018000e990     dct.obj
 0001:0000dae0       WelsIDctRecI16x16Dc_sse2   000000018000eae0     dct.obj
 0001:0000ded0       WelsDctFourT4_avx2         000000018000eed0     dct.obj
 0001:0000e0d0       IdctFourResAddPred_avx2    000000018000f0d0     dct.obj
 0001:0000e0e0       WelsIDctFourT4Rec_avx2     000000018000f0e0     dct.obj
 0001:0000e340       WelsDctT4_avx2             000000018000f340     dct.obj
 0001:0000e410       IdctResAddPred_avx2        000000018000f410     dct.obj
 0001:0000e420       WelsIDctT4Rec_avx2         000000018000f420     dct.obj
 0001:0000e520       DeblockLumaLt4V_ssse3      000000018000f520     deblock.obj
 0001:0000e740       DeblockLumaEq4V_ssse3      000000018000f740     deblock.obj
 0001:0000eac0       DeblockChromaLt4V_ssse3    000000018000fac0     deblock.obj
 0001:0000ec10       DeblockChromaEq4V_ssse3    000000018000fc10     deblock.obj
 0001:0000ed40       DeblockChromaLt4H_ssse3    000000018000fd40     deblock.obj
 0001:0000efe0       DeblockChromaEq4H_ssse3    000000018000ffe0     deblock.obj
 0001:0000f260       DeblockLumaTransposeH2V_sse2 0000000180010260     deblock.obj
 0001:0000f450       DeblockLumaTransposeV2H_sse2 0000000180010450     deblock.obj
 0001:0000f640       WelsNonZeroCount_sse2      0000000180010640     deblock.obj
 0001:0000f670       ExpandPictureLuma_sse2     0000000180010670     expand_picture.obj
 0001:00010070       ExpandPictureChromaAlign_sse2 0000000180011070     expand_picture.obj
 0001:00010570       ExpandPictureChromaUnalign_sse2 0000000180011570     expand_picture.obj
 0001:00010a70       WelsI16x16LumaPredH_sse2   0000000180011a70     intra_pred_com.obj
 0001:00010c90       WelsI16x16LumaPredV_sse2   0000000180011c90     intra_pred_com.obj
 0001:00010d20       WelsCopy16x16_sse2         0000000180011d20     mb_copy.obj
 0001:00010e20       WelsCopy16x16NotAligned_sse2 0000000180011e20     mb_copy.obj
 0001:00010f20       WelsCopy16x8NotAligned_sse2 0000000180011f20     mb_copy.obj
 0001:00010fb0       WelsCopy8x16_mmx           0000000180011fb0     mb_copy.obj
 0001:00011080       WelsCopy8x8_mmx            0000000180012080     mb_copy.obj
 0001:00011110       UpdateMbMv_sse2            0000000180012110     mb_copy.obj
 0001:00011130       PixelAvgWidthEq4_mmx       0000000180012130     mb_copy.obj
 0001:00011170       PixelAvgWidthEq8_mmx       0000000180012170     mb_copy.obj
 0001:000111c0       PixelAvgWidthEq16_sse2     00000001800121c0     mb_copy.obj
 0001:00011250       McCopyWidthEq8_mmx         0000000180012250     mb_copy.obj
 0001:000112c0       McCopyWidthEq16_sse2       00000001800122c0     mb_copy.obj
 0001:00011310       McCopyWidthEq16_sse3       0000000180012310     mb_copy.obj
 0001:00011380       McChromaWidthEq4_mmx       0000000180012380     mc_chroma.obj
 0001:00011420       McChromaWidthEq8_sse2      0000000180012420     mc_chroma.obj
 0001:00011510       McChromaWidthEq8_ssse3     0000000180012510     mc_chroma.obj
 0001:00011600       McHorVer20WidthEq4_mmx     0000000180012600     mc_luma.obj
 0001:00011680       McHorVer22Width8HorFirst_sse2 0000000180012680     mc_luma.obj
 0001:00011720       McHorVer20WidthEq8_sse2    0000000180012720     mc_luma.obj
 0001:000117e0       McHorVer20WidthEq16_sse2   00000001800127e0     mc_luma.obj
 0001:00011910       McHorVer02WidthEq8_sse2    0000000180012910     mc_luma.obj
 0001:00011c60       McHorVer02Height9Or17_sse2 0000000180012c60     mc_luma.obj
 0001:00012060       McHorVer02Height5_sse2     0000000180013060     mc_luma.obj
 0001:00012460       McHorVer20Width9Or17_sse2  0000000180013460     mc_luma.obj
 0001:000126c0       McHorVer20Width5_sse2      00000001800136c0     mc_luma.obj
 0001:000127d0       McHorVer22HorFirst_sse2    00000001800137d0     mc_luma.obj
 0001:000129f0       McHorVer22Width8VerLastAlign_sse2 00000001800139f0     mc_luma.obj
 0001:00012db0       McHorVer22Width8VerLastUnAlign_sse2 0000000180013db0     mc_luma.obj
 0001:00013170       McHorVer22Width5HorFirst_sse2 0000000180014170     mc_luma.obj
 0001:00013260       McHorVer22Width4VerLastAlign_sse2 0000000180014260     mc_luma.obj
 0001:00013620       McHorVer22Width4VerLastUnAlign_sse2 0000000180014620     mc_luma.obj
 0001:000139e0       McHorVer02_ssse3           00000001800149e0     mc_luma.obj
 0001:00014000       McHorVer20_ssse3           0000000180015000     mc_luma.obj
 0001:00014220       McHorVer20Width5Or9Or17_ssse3 0000000180015220     mc_luma.obj
 0001:00014550       McHorVer20Width4U8ToS16_ssse3 0000000180015550     mc_luma.obj
 0001:00014630       McHorVer02Width4S16ToU8_ssse3 0000000180015630     mc_luma.obj
 0001:000147e0       McHorVer20Width8U8ToS16_ssse3 00000001800157e0     mc_luma.obj
 0001:000148f0       McHorVer02Width5S16ToU8_ssse3 00000001800158f0     mc_luma.obj
 0001:00014c80       McHorVer20Width9Or17U8ToS16_ssse3 0000000180015c80     mc_luma.obj
 0001:00014ed0       McHorVer02WidthGe8S16ToU8_ssse3 0000000180015ed0     mc_luma.obj
 0001:00015480       McHorVer02_avx2            0000000180016480     mc_luma.obj
 0001:00015d40       McHorVer20_avx2            0000000180016d40     mc_luma.obj
 0001:00015fd0       McHorVer20Width5Or9Or17_avx2 0000000180016fd0     mc_luma.obj
 0001:000163a0       McHorVer20Width4U8ToS16_avx2 00000001800173a0     mc_luma.obj
 0001:00016490       McHorVer02Width4S16ToU8_avx2 0000000180017490     mc_luma.obj
 0001:000165b0       McHorVer20Width8U8ToS16_avx2 00000001800175b0     mc_luma.obj
 0001:00016660       McHorVer02Width5S16ToU8_avx2 0000000180017660     mc_luma.obj
 0001:000168b0       McHorVer02Width8S16ToU8_avx2 00000001800178b0     mc_luma.obj
 0001:00016a60       McHorVer20Width16U8ToS16_avx2 0000000180017a60     mc_luma.obj
 0001:00016b70       McHorVer02Width9S16ToU8_avx2 0000000180017b70     mc_luma.obj
 0001:00016ea0       McHorVer20Width17U8ToS16_avx2 0000000180017ea0     mc_luma.obj
 0001:00017120       McHorVer02Width16Or17S16ToU8_avx2 0000000180018120     mc_luma.obj
 0001:00017590       WelsSampleSatd4x4_sse2     0000000180018590     satd_sad.obj
 0001:000176d0       WelsSampleSatd8x8_sse2     00000001800186d0     satd_sad.obj
 0001:000179c0       WelsSampleSatd8x16_sse2    00000001800189c0     satd_sad.obj
 0001:00017f50       WelsSampleSatd16x8_sse2    0000000180018f50     satd_sad.obj
 0001:000184e0       WelsSampleSatd16x16_sse2   00000001800194e0     satd_sad.obj
 0001:00018fb0       WelsSampleSatdThree4x4_sse2 0000000180019fb0     satd_sad.obj
 0001:00019380       WelsIntra16x16Combined3Satd_sse41 000000018001a380     satd_sad.obj
 0001:00019840       WelsIntraChroma8x8Combined3Satd_sse41 000000018001a840     satd_sad.obj
 0001:0001a2e0       WelsIntra16x16Combined3Sad_ssse3 000000018001b2e0     satd_sad.obj
 0001:0001a930       WelsSampleSatd4x4_sse41    000000018001b930     satd_sad.obj
 0001:0001aa30       WelsSampleSatd8x8_sse41    000000018001ba30     satd_sad.obj
 0001:0001acb0       WelsSampleSatd8x16_sse41   000000018001bcb0     satd_sad.obj
 0001:0001ae30       WelsSampleSatd16x8_sse41   000000018001be30     satd_sad.obj
 0001:0001b2d0       WelsSampleSatd16x16_sse41  000000018001c2d0     satd_sad.obj
 0001:0001b590       WelsSampleSatd8x16_avx2    000000018001c590     satd_sad.obj
 0001:0001b5a0       WelsSampleSatd8x8_avx2     000000018001c5a0     satd_sad.obj
 0001:0001b760       WelsSampleSatd16x16_avx2   000000018001c760     satd_sad.obj
 0001:0001b770       WelsSampleSatd16x8_avx2    000000018001c770     satd_sad.obj
 0001:0001b8d0       WelsSampleSad16x16_sse2    000000018001c8d0     satd_sad.obj
 0001:0001ba50       WelsSampleSad16x8_sse2     000000018001ca50     satd_sad.obj
 0001:0001bb10       WelsSampleSad8x16_sse2     000000018001cb10     satd_sad.obj
 0001:0001bc40       WelsSampleSad8x8_sse21     000000018001cc40     satd_sad.obj
 0001:0001be50       WelsSampleSadFour16x16_sse2 000000018001ce50     satd_sad.obj
 0001:0001c270       WelsSampleSadFour16x8_sse2 000000018001d270     satd_sad.obj
 0001:0001c4c0       WelsSampleSadFour8x16_sse2 000000018001d4c0     satd_sad.obj
 0001:0001c7d0       WelsSampleSadFour8x8_sse2  000000018001d7d0     satd_sad.obj
 0001:0001c990       WelsSampleSadFour4x4_sse2  000000018001d990     satd_sad.obj
 0001:0001cab0       WelsSampleSad4x4_mmx       000000018001dab0     satd_sad.obj
 0001:0001cb00       AnalysisVaaInfoIntra_sse2  000000018001db00     vaa.obj
 0001:0001ceb0       AnalysisVaaInfoIntra_ssse3 000000018001deb0     vaa.obj
 0001:0001d160       MdInterAnalysisVaaInfo_sse41 000000018001e160     vaa.obj
 0001:0001d1d0       MdInterAnalysisVaaInfo_sse2 000000018001e1d0     vaa.obj
 0001:0001d430       ?WelsAdjustLevel@WelsEnc@@YAHPEAUSSpatialLayerConfig@@PEBUTagLevelLimits@WelsCommon@@@Z 000000018001e430 f   au_set.obj
 0001:0001d5b0       ?WelsCheckRefFrameLimitationLevelIdcFirst@WelsEnc@@YAHPEAUTagLogContext@@PEAUTagWelsSvcCodingParam@1@@Z 000000018001e5b0 f   au_set.obj
 0001:0001d700       ?WelsCheckRefFrameLimitationNumRefFirst@WelsEnc@@YAHPEAUTagLogContext@@PEAUTagWelsSvcCodingParam@1@@Z 000000018001e700 f   au_set.obj
 0001:0001d720       ?WelsInitPps@WelsEnc@@YAHPEAUTagWelsPPS@1@PEAUTagWelsSPS@1@PEAUTagSubsetSps@1@I_N33@Z 000000018001e720 f   au_set.obj
 0001:0001d770       ?WelsInitSps@WelsEnc@@YAHPEAUTagWelsSPS@1@PEAUSSpatialLayerConfig@@PEAUTagDLayerParam@1@IHI_N_NH4@Z 000000018001e770 f   au_set.obj
 0001:0001da00       ?WelsInitSubsetSps@WelsEnc@@YAHPEAUTagSubsetSps@1@PEAUSSpatialLayerConfig@@PEAUTagDLayerParam@1@IHI_N_NH@Z 000000018001ea00 f   au_set.obj
 0001:0001da90       ?WelsWritePpsSyntax@WelsEnc@@YAHPEAUTagWelsPPS@1@PEAUTagBitStringAux@WelsCommon@@PEAVIWelsParametersetStrategy@1@@Z 000000018001ea90 f   au_set.obj
 0001:0001dc20       ?WelsWriteSpsNal@WelsEnc@@YAHPEAUTagWelsSPS@1@PEAUTagBitStringAux@WelsCommon@@PEAH@Z 000000018001ec20 f   au_set.obj
 0001:0001dc50       ?WelsWriteSpsSyntax@WelsEnc@@YAHPEAUTagWelsSPS@1@PEAUTagBitStringAux@WelsCommon@@PEAH_N@Z 000000018001ec50 f   au_set.obj
 0001:0001dee0       ?WelsWriteSubsetSpsSyntax@WelsEnc@@YAHPEAUTagSubsetSps@1@PEAUTagBitStringAux@WelsCommon@@PEAH@Z 000000018001eee0 f   au_set.obj
 0001:0001e010       ?WelsWriteVUI@WelsEnc@@YAHPEAUTagWelsSPS@1@PEAUTagBitStringAux@WelsCommon@@@Z 000000018001f010 f   au_set.obj
 0001:0001e1d0       ?DeblockingBSCalc_c@WelsEnc@@YAXPEAUTagWelsFuncPointerList@1@PEAUTagMB@1@QEAY133EIHHH@Z 000000018001f1d0 f   deblocking.obj
 0001:0001e390       ?DeblockingBSInsideMBNormal@WelsEnc@@YAXPEAUTagMB@1@QEAY133EPEAC@Z 000000018001f390 f i deblocking.obj
 0001:0001ec40       ?DeblockingBSMarginalMBAvcbase@WelsEnc@@YAIPEAUTagMB@1@0H@Z 000000018001fc40 f   deblocking.obj
 0001:0001eea0       ?DeblockingFilterFrameAvcbase@WelsEnc@@YAXPEAUTagDqLayer@1@PEAUTagWelsFuncPointerList@1@@Z 000000018001fea0 f   deblocking.obj
 0001:0001f030       ?DeblockingFilterSliceAvcbase@WelsEnc@@YAXPEAUTagDqLayer@1@PEAUTagWelsFuncPointerList@1@PEAUTagSlice@1@@Z 0000000180020030 f   deblocking.obj
 0001:0001f200       ?AfterBuildRefList@CWelsReference_TemporalLayer@WelsEnc@@UEAAXXZ 0000000180020200 f   ref_list_mgr_svc.obj
 0001:0001f200       ?DeblockingFilterSliceAvcbaseNull@WelsEnc@@YAXPEAUTagDqLayer@1@PEAUTagWelsFuncPointerList@1@PEAUTagSlice@1@@Z 0000000180020200 f   deblocking.obj
 0001:0001f200       ?InitFrame@IWelsTaskManage@WelsEnc@@UEAAXH@Z 0000000180020200 f   wels_task_management.obj
 0001:0001f200       ?LoadPrevious@CWelsParametersetIdConstant@WelsEnc@@UEAAXPEAUTagExistingParasetList@2@PEAUTagWelsSPS@2@PEAUTagSubsetSps@2@PEAUTagWelsPPS@2@@Z 0000000180020200 f   paraset_strategy.obj
 0001:0001f200       ?LoadPreviousPps@CWelsParametersetIdConstant@WelsEnc@@MEAAXPEAUTagExistingParasetList@2@PEAUTagWelsPPS@2@@Z 0000000180020200 f   paraset_strategy.obj
 0001:0001f200       ?LoadPreviousSps@CWelsParametersetIdConstant@WelsEnc@@MEAAXPEAUTagExistingParasetList@2@PEAUTagWelsSPS@2@PEAUTagSubsetSps@2@@Z 0000000180020200 f   paraset_strategy.obj
 0001:0001f200       ?LoadPreviousStructure@CWelsParametersetIdConstant@WelsEnc@@UEAAXPEAUTagParaSetOffsetVariable@2@PEAH@Z 0000000180020200 f   paraset_strategy.obj
 0001:0001f200       ?NotCalculateSatdCost@WelsEnc@@YAXP6AHPEAEH0H@ZPEAUTagWelsME@1@HH@Z 0000000180020200 f   svc_motion_estimate.obj
 0001:0001f200       ?OutputCurrentStructure@CWelsParametersetIdConstant@WelsEnc@@UEAAXPEAUTagParaSetOffsetVariable@2@PEAHPEAUTagWelsEncCtx@2@PEAUTagExistingParasetList@2@@Z 0000000180020200 f   paraset_strategy.obj
 0001:0001f200       ?SetScrollingMvToMdNull@WelsEnc@@YAXPEAUTagVAAFrameInfo@1@PEAUTagWelsMD@1@@Z 0000000180020200 f   svc_mode_decision.obj
 0001:0001f200       ?UpdateFMESwitchNull@WelsEnc@@YAXPEAUTagDqLayer@1@@Z 0000000180020200 f   svc_motion_estimate.obj
 0001:0001f200       ?UpdateParaSetNum@CWelsParametersetIdConstant@WelsEnc@@UEAAXPEAUTagWelsEncCtx@2@@Z 0000000180020200 f   paraset_strategy.obj
 0001:0001f200       ?UpdatePpsList@CWelsParametersetIdConstant@WelsEnc@@UEAAXPEAUTagWelsEncCtx@2@@Z 0000000180020200 f   paraset_strategy.obj
 0001:0001f200       ?WelsRcMbInfoUpdateDisable@WelsEnc@@YAXPEAUTagWelsEncCtx@1@PEAUTagMB@1@HPEAUTagSlice@1@@Z 0000000180020200 f   ratectl.obj
 0001:0001f200       ?WelsRcPictureInfoUpdateDisable@WelsEnc@@YAXPEAUTagWelsEncCtx@1@H@Z 0000000180020200 f   ratectl.obj
 0001:0001f200       ?WelsRcPostFrameSkippedUpdate@WelsEnc@@YAXPEAUTagWelsEncCtx@1@H@Z 0000000180020200 f   ratectl.obj
 0001:0001f200       _guard_check_icall_nop     0000000180020200 f   LIBCMT:guard_support.obj
 0001:0001f210       ?DeblockingInit@WelsEnc@@YAXPEAUtagDeblockingFunc@1@H@Z 0000000180020210 f   deblocking.obj
 0001:0001f2d0       ?DeblockingInterMb@WelsEnc@@YAXPEAUtagDeblockingFunc@1@PEAUTagMB@1@PEAUTagDeblockingFilter@1@QEAY133E@Z 00000001800202d0 f   deblocking.obj
 0001:0001f690       ?DeblockingIntraMb@WelsEnc@@YAXPEAUtagDeblockingFunc@1@PEAUTagMB@1@PEAUTagDeblockingFilter@1@@Z 0000000180020690 f   deblocking.obj
 0001:0001f6d0       ?DeblockingMbAvcbase@WelsEnc@@YAXPEAUTagWelsFuncPointerList@1@PEAUTagMB@1@PEAUTagDeblockingFilter@1@@Z 00000001800206d0 f   deblocking.obj
 0001:0001f7f0       ?FilteringEdgeChromaH@WelsEnc@@YAXPEAUtagDeblockingFunc@1@PEAUTagDeblockingFilter@1@PEAE2H2@Z 00000001800207f0 f   deblocking.obj
 0001:0001f920       ?FilteringEdgeChromaHV@WelsEnc@@YAXPEAUtagDeblockingFunc@1@PEAUTagMB@1@PEAUTagDeblockingFilter@1@@Z 0000000180020920 f   deblocking.obj
 0001:0001fb50       ?FilteringEdgeChromaIntraH@WelsEnc@@YAXPEAUtagDeblockingFunc@1@PEAUTagDeblockingFilter@1@PEAE2H2@Z 0000000180020b50 f   deblocking.obj
 0001:0001fbf0       ?FilteringEdgeChromaIntraV@WelsEnc@@YAXPEAUtagDeblockingFunc@1@PEAUTagDeblockingFilter@1@PEAE2H2@Z 0000000180020bf0 f   deblocking.obj
 0001:0001fc90       ?FilteringEdgeChromaV@WelsEnc@@YAXPEAUtagDeblockingFunc@1@PEAUTagDeblockingFilter@1@PEAE2H2@Z 0000000180020c90 f   deblocking.obj
 0001:0001fdc0       ?FilteringEdgeLumaH@WelsEnc@@YAXPEAUtagDeblockingFunc@1@PEAUTagDeblockingFilter@1@PEAEH2@Z 0000000180020dc0 f   deblocking.obj
 0001:0001fed0       ?FilteringEdgeLumaHV@WelsEnc@@YAXPEAUtagDeblockingFunc@1@PEAUTagMB@1@PEAUTagDeblockingFilter@1@@Z 0000000180020ed0 f   deblocking.obj
 0001:00020140       ?FilteringEdgeLumaIntraH@WelsEnc@@YAXPEAUtagDeblockingFunc@1@PEAUTagDeblockingFilter@1@PEAEH2@Z 0000000180021140 f   deblocking.obj
 0001:000201e0       ?FilteringEdgeLumaIntraV@WelsEnc@@YAXPEAUtagDeblockingFunc@1@PEAUTagDeblockingFilter@1@PEAEH2@Z 00000001800211e0 f   deblocking.obj
 0001:00020280       ?FilteringEdgeLumaV@WelsEnc@@YAXPEAUtagDeblockingFunc@1@PEAUTagDeblockingFilter@1@PEAEH2@Z 0000000180021280 f   deblocking.obj
 0001:00020390       ?PerformDeblockingFilter@WelsEnc@@YAXPEAUTagWelsEncCtx@1@@Z 0000000180021390 f   deblocking.obj
 0001:00020420       ?WelsBlockFuncInit@WelsEnc@@YAXPEAP6AXPEAC@ZH@Z 0000000180021420 f   deblocking.obj
 0001:00020440       ?WelsDequant4x4_c@WelsEnc@@YAXPEAFPEBG@Z 0000000180021440 f   decode_mb_aux.obj
 0001:00020560       ?WelsDequantFour4x4_c@WelsEnc@@YAXPEAFPEBG@Z 0000000180021560 f   decode_mb_aux.obj
 0001:000207b0       ?WelsDequantIHadamard2x2Dc@WelsEnc@@YAXPEAFG@Z 00000001800217b0 f   decode_mb_aux.obj
 0001:00020830       ?WelsDequantIHadamard4x4_c@WelsEnc@@YAXPEAFG@Z 0000000180021830 f   decode_mb_aux.obj
 0001:00020a30       ?WelsDequantLumaDc4x4@WelsEnc@@YAXPEAFH@Z 0000000180021a30 f   decode_mb_aux.obj
 0001:00020bc0       ?WelsGetEncBlockStrideOffset@WelsEnc@@YAXPEAHHH@Z 0000000180021bc0 f   decode_mb_aux.obj
 0001:00020ca0       ?WelsIDctFourT4Rec_c@WelsEnc@@YAXPEAEH0HPEAF@Z 0000000180021ca0 f   decode_mb_aux.obj
 0001:00020d70       ?WelsIDctRecI16x16Dc_c@WelsEnc@@YAXPEAEH0HPEAF@Z 0000000180021d70 f   decode_mb_aux.obj
 0001:00021010       ?WelsIDctT4RecOnMb@WelsEnc@@YAXPEAEH0HPEAFP6AX0H0H1@Z@Z 0000000180022010 f   decode_mb_aux.obj
 0001:000210f0       ?WelsIDctT4Rec_c@WelsEnc@@YAXPEAEH0HPEAF@Z 00000001800220f0 f   decode_mb_aux.obj
 0001:00021500       ?WelsIHadamard4x4Dc@WelsEnc@@YAXPEAF@Z 0000000180022500 f   decode_mb_aux.obj
 0001:000216f0       ?WelsInitReconstructionFuncs@WelsEnc@@YAXPEAUTagWelsFuncPointerList@1@I@Z 00000001800226f0 f   decode_mb_aux.obj
 0001:000217e0       ?WelsCalculateSingleCtr4x4_c@WelsEnc@@YAHPEAF@Z 00000001800227e0 f   encode_mb_aux.obj
 0001:00021870       ?WelsDctFourT4_c@WelsEnc@@YAXPEAFPEAEH1H@Z 0000000180022870 f   encode_mb_aux.obj
 0001:00021930       ?WelsDctT4_c@WelsEnc@@YAXPEAFPEAEH1H@Z 0000000180022930 f   encode_mb_aux.obj
 0001:00021b20       ?WelsGetNoneZeroCount_c@WelsEnc@@YAHPEAF@Z 0000000180022b20 f   encode_mb_aux.obj
 0001:00021b80       ?WelsHadamardQuant2x2Skip_c@WelsEnc@@YAHPEAFFF@Z 0000000180022b80 f   encode_mb_aux.obj
 0001:00021c30       ?WelsHadamardQuant2x2_c@WelsEnc@@YAHPEAFFF00@Z 0000000180022c30 f   encode_mb_aux.obj
 0001:00021d70       ?WelsHadamardT4Dc_c@WelsEnc@@YAXPEAF0@Z 0000000180022d70 f   encode_mb_aux.obj
 0001:00021f90       ?WelsInitEncodingFuncs@WelsEnc@@YAXPEAUTagWelsFuncPointerList@1@I@Z 0000000180022f90 f   encode_mb_aux.obj
 0001:00022250       ?WelsQuant4x4Dc_c@WelsEnc@@YAXPEAFFF@Z 0000000180023250 f   encode_mb_aux.obj
 0001:00022310       ?WelsQuant4x4_c@WelsEnc@@YAXPEAFPEBF1@Z 0000000180023310 f   encode_mb_aux.obj
 0001:00022410       ?WelsQuantFour4x4Max_c@WelsEnc@@YAXPEAFPEBF10@Z 0000000180023410 f   encode_mb_aux.obj
 0001:000226c0       ?WelsQuantFour4x4_c@WelsEnc@@YAXPEAFPEBF1@Z 00000001800236c0 f   encode_mb_aux.obj
 0001:00022a70       ?WelsScan4x4Ac_c@WelsEnc@@YAXPEAF0@Z 0000000180023a70 f   encode_mb_aux.obj
 0001:00022ad0       ?WelsScan4x4DcAc_c@WelsEnc@@YAXPEAF0@Z 0000000180023ad0 f   encode_mb_aux.obj
 0001:00022b30       ?DecideFrameType@WelsEnc@@YA?AW4EVideoFrameType@@PEAUTagWelsEncCtx@1@CH_N@Z 0000000180023b30 f   encoder.obj
 0001:00022d50       ?InitBitStream@WelsEnc@@YAXPEAUTagWelsEncCtx@1@@Z 0000000180023d50 f   encoder.obj
 0001:00022da0       ?InitFrameCoding@WelsEnc@@YAXPEAUTagWelsEncCtx@1@W4EVideoFrameType@@H@Z 0000000180023da0 f   encoder.obj
 0001:00022ed0       ?InitFunctionPointers@WelsEnc@@YAHPEAUTagWelsEncCtx@1@PEAUTagWelsSvcCodingParam@1@I@Z 0000000180023ed0 f   encoder.obj
 0001:00023070       ?LoadBackFrameNum@WelsEnc@@YAXPEAUTagWelsEncCtx@1@H@Z 0000000180024070 f   encoder.obj
 0001:000230c0       ?UpdateFrameNum@WelsEnc@@YAXPEAUTagWelsEncCtx@1@H@Z 00000001800240c0 f   encoder.obj
 0001:00023130       ?WelsInitBGDFunc@WelsEnc@@YAXPEAUTagWelsFuncPointerList@1@_N@Z 0000000180024130 f   encoder.obj
 0001:00023160       ?WelsSetMemZero_c@WelsEnc@@YAXPEAXH@Z 0000000180024160 f   encoder.obj
 0001:00023170       ?AcquireLayersNals@WelsEnc@@YAHPEAPEAUTagWelsEncCtx@1@PEAUTagWelsSvcCodingParam@1@PEAH2@Z 0000000180024170 f   encoder_ext.obj
 0001:00023370       ?AllocStrideTables@WelsEnc@@YAHPEAPEAUTagWelsEncCtx@1@H@Z 0000000180024370 f   encoder_ext.obj
 0001:000239b0       ?CheckLevelSetting@WelsEnc@@YAXPEAUTagLogContext@@PEAUTagWelsSvcCodingParam@1@HW4ELevelIdc@@@Z 00000001800249b0 f   encoder_ext.obj
 0001:000239f0       ?CheckProfileSetting@WelsEnc@@YAXPEAUTagLogContext@@PEAUTagWelsSvcCodingParam@1@HW4EProfileIdc@@@Z 00000001800249f0 f   encoder_ext.obj
 0001:00023ae0       ?CheckReferenceNumSetting@WelsEnc@@YAXPEAUTagLogContext@@PEAUTagWelsSvcCodingParam@1@H@Z 0000000180024ae0 f   encoder_ext.obj
 0001:00023b30       ?ClearFrameBsInfo@WelsEnc@@YAXPEAUTagWelsEncCtx@1@PEAUSFrameBSInfo@@@Z 0000000180024b30 f   encoder_ext.obj
 0001:00023b80       ?DetermineTemporalSettings@TagWelsSvcCodingParam@WelsEnc@@QEAAHXZ 0000000180024b80 f i encoder_ext.obj
 0001:00023db0       ?DynSliceRealloc@WelsEnc@@YAHPEAUTagWelsEncCtx@1@PEAUSFrameBSInfo@@PEAUSLayerBSInfo@@@Z 0000000180024db0 f   encoder_ext.obj
 0001:00023df0       ?DynslcUpdateMbNeighbourInfoListForAllSlices@WelsEnc@@YAXPEAUTagDqLayer@1@PEAUTagMB@1@@Z 0000000180024df0 f   encoder_ext.obj
 0001:00023e70       ?FillDefault@TagWelsSvcCodingParam@WelsEnc@@SAXAEAUTagEncParamExt@@@Z 0000000180024e70 f i encoder_ext.obj
 0001:00024020       ?ForceCodingIDR@WelsEnc@@YAHPEAUTagWelsEncCtx@1@H@Z 0000000180025020 f   encoder_ext.obj
 0001:00024110       ?FreeDqLayer@WelsEnc@@YAXAEAPEAUTagDqLayer@1@PEAVCMemoryAlign@WelsCommon@@@Z 0000000180025110 f   encoder_ext.obj
 0001:00024230       ?FreeMemorySvc@WelsEnc@@YAXPEAPEAUTagWelsEncCtx@1@@Z 0000000180025230 f   encoder_ext.obj
 0001:00024970       ?FreeRefList@WelsEnc@@YAXAEAPEAUTagRefList@1@PEAVCMemoryAlign@WelsCommon@@H@Z 0000000180025970 f   encoder_ext.obj
 0001:00024a00       ?FreeSliceInLayer@WelsEnc@@YAXPEAUTagDqLayer@1@PEAVCMemoryAlign@WelsCommon@@@Z 0000000180025a00 f   encoder_ext.obj
 0001:00024af0       ?GetMultipleThreadIdc@WelsEnc@@YAHPEAUTagLogContext@@PEAUTagWelsSvcCodingParam@1@AEAFAEAHAEAI@Z 0000000180025af0 f   encoder_ext.obj
 0001:00024c10       ?GetMvMvdRange@WelsEnc@@YAXPEAUTagWelsSvcCodingParam@1@AEAH1@Z 0000000180025c10 f   encoder_ext.obj
 0001:00024e00       ?GetSubSequenceId@WelsEnc@@YAHPEAUTagWelsEncCtx@1@W4EVideoFrameType@@@Z 0000000180025e00 f   encoder_ext.obj
 0001:00024e40       ?GetTemporalLevel@WelsEnc@@YAHPEAUTagDLayerParam@1@HH@Z 0000000180025e40 f   encoder_ext.obj
 0001:00025120       ?InitMbListD@WelsEnc@@YAHPEAPEAUTagWelsEncCtx@1@@Z 0000000180026120 f   encoder_ext.obj
 0001:00025310       ?InitSliceSettings@WelsEnc@@YAHPEAUTagLogContext@@PEAUTagWelsSvcCodingParam@1@HPEAF@Z 0000000180026310 f   encoder_ext.obj
 0001:00025420       ?OutputCpuFeaturesLog@WelsEnc@@YAXPEAUTagLogContext@@IIH@Z 0000000180026420 f   encoder_ext.obj
 0001:00025630       ?ParamValidation@WelsEnc@@YAHPEAUTagLogContext@@PEAUTagWelsSvcCodingParam@1@@Z 0000000180026630 f   encoder_ext.obj
 0001:00025b40       ?ParamValidationExt@WelsEnc@@YAHPEAUTagLogContext@@PEAUTagWelsSvcCodingParam@1@@Z 0000000180026b40 f   encoder_ext.obj
 0001:00026310       ?PicPartitionNumDecision@WelsEnc@@YAHPEAUTagWelsEncCtx@1@@Z 0000000180027310 f   encoder_ext.obj
 0001:00026330       ?PrepareEncodeFrame@WelsEnc@@YA?AW4EVideoFrameType@@PEAUTagWelsEncCtx@1@AEAPEAUSLayerBSInfo@@HAEACAEAH33_J@Z 0000000180027330 f   encoder_ext.obj
 0001:000264e0       ?PreprocessSliceCoding@WelsEnc@@YAXPEAUTagWelsEncCtx@1@@Z 00000001800274e0 f   encoder_ext.obj
 0001:00026890       ?ReleaseMemoryVaaScreen@WelsEnc@@YAXPEAUTagVAAFrameInfo@1@PEAVCMemoryAlign@WelsCommon@@H@Z 0000000180027890 f   encoder_ext.obj
 0001:000268f0       ?RequestMemorySvc@WelsEnc@@YAHPEAPEAUTagWelsEncCtx@1@PEAUTagExistingParasetList@1@@Z 00000001800278f0 f   encoder_ext.obj
 0001:00027a90       ?RequestMemoryVaaScreen@WelsEnc@@YAHPEAUTagVAAFrameInfo@1@PEAVCMemoryAlign@WelsCommon@@HH@Z 0000000180028a90 f   encoder_ext.obj
 0001:00027b30       ?SetMeMethod@WelsEnc@@YA_NEAEAP6AXPEAUTagWelsFuncPointerList@1@PEAUTagWelsME@1@PEAUTagSlice@1@HH@Z@Z 0000000180028b30 f   encoder_ext.obj
 0001:00027b90       ?SliceArgumentValidationFixedSliceMode@WelsEnc@@YAHPEAUTagLogContext@@PEAUSSliceArgument@@W4RC_MODES@@HH@Z 0000000180028b90 f   encoder_ext.obj
 0001:00027d80       ?StackBackEncoderStatus@WelsEnc@@YAXPEAUTagWelsEncCtx@1@W4EVideoFrameType@@@Z 0000000180028d80 f   encoder_ext.obj
 0001:00027e70       ?UpdateSlicepEncCtxWithPartition@WelsEnc@@YAXPEAUTagDqLayer@1@H@Z 0000000180028e70 f   encoder_ext.obj
 0001:00027fc0       ?WelsBitRateVerification@WelsEnc@@YAHPEAUTagLogContext@@PEAUSSpatialLayerConfig@@H@Z 0000000180028fc0 f   encoder_ext.obj
 0001:00028160       ?WelsCodeOnePicPartition@WelsEnc@@YAHPEAUTagWelsEncCtx@1@PEAUSFrameBSInfo@@PEAUSLayerBSInfo@@PEAH3HHH@Z 0000000180029160 f   encoder_ext.obj
 0001:000284d0       ?WelsEncoderApplyBitRate@WelsEnc@@YAHPEAUTagLogContext@@PEAUTagWelsSvcCodingParam@1@H@Z 00000001800294d0 f   encoder_ext.obj
 0001:00028700       ?WelsEncoderApplyBitVaryRang@WelsEnc@@YAHPEAUTagLogContext@@PEAUTagWelsSvcCodingParam@1@H@Z 0000000180029700 f   encoder_ext.obj
 0001:000287e0       ?WelsEncoderApplyFrameRate@WelsEnc@@YAXPEAUTagWelsSvcCodingParam@1@@Z 00000001800297e0 f   encoder_ext.obj
 0001:000289d0       ?WelsEncoderApplyLTR@WelsEnc@@YAHPEAUTagLogContext@@PEAPEAUTagWelsEncCtx@1@PEAUSLTRConfig@@@Z 00000001800299d0 f   encoder_ext.obj
 0001:00028c50       ?WelsEncoderEncodeExt@WelsEnc@@YAHPEAUTagWelsEncCtx@1@PEAUSFrameBSInfo@@PEBUSource_Picture_s@@@Z 0000000180029c50 f   encoder_ext.obj
 0001:0002a660       ?WelsEncoderEncodeParameterSets@WelsEnc@@YAHPEAUTagWelsEncCtx@1@PEAX@Z 000000018002b660 f   encoder_ext.obj
 0001:0002a730       ?WelsEncoderParamAdjust@WelsEnc@@YAHPEAPEAUTagWelsEncCtx@1@PEAUTagWelsSvcCodingParam@1@@Z 000000018002b730 f   encoder_ext.obj
 0001:0002b2a0       ?WelsInitCurrentDlayerMltslc@WelsEnc@@YAXPEAUTagWelsEncCtx@1@H@Z 000000018002c2a0 f   encoder_ext.obj
 0001:0002b390       ?WelsInitCurrentLayer@WelsEnc@@YAXPEAUTagWelsEncCtx@1@HH@Z 000000018002c390 f   encoder_ext.obj
 0001:0002b650       ?WelsInitCurrentQBLayerMltslc@WelsEnc@@YAXPEAUTagWelsEncCtx@1@@Z 000000018002c650 f   encoder_ext.obj
 0001:0002b670       ?WelsInitEncoderExt@WelsEnc@@YAHPEAPEAUTagWelsEncCtx@1@PEAUTagWelsSvcCodingParam@1@PEAUTagLogContext@@PEAUTagExistingParasetList@1@@Z 000000018002c670 f   encoder_ext.obj
 0001:0002ba90       ?WelsUninitEncoderExt@WelsEnc@@YAXPEAPEAUTagWelsEncCtx@1@@Z 000000018002ca90 f   encoder_ext.obj
 0001:0002bbd0       ?WelsWriteOnePPS@WelsEnc@@YAHPEAUTagWelsEncCtx@1@HAEAH@Z 000000018002cbd0 f   encoder_ext.obj
 0001:0002bca0       ?WelsWriteOneSPS@WelsEnc@@YAHPEAUTagWelsEncCtx@1@HAEAH@Z 000000018002cca0 f   encoder_ext.obj
 0001:0002bd80       ?WelsWriteParameterSets@WelsEnc@@YAHPEAUTagWelsEncCtx@1@PEAH11@Z 000000018002cd80 f   encoder_ext.obj
 0001:0002c050       ?WritePadding@WelsEnc@@YAHPEAUTagWelsEncCtx@1@HAEAH@Z 000000018002d050 f   encoder_ext.obj
 0001:0002c2c0       ?WriteSavcParaset@WelsEnc@@YAHPEAUTagWelsEncCtx@1@HAEAPEAUSLayerBSInfo@@AEAH2@Z 000000018002d2c0 f   encoder_ext.obj
 0001:0002c4e0       ?WriteSavcParaset_Listing@WelsEnc@@YAHPEAUTagWelsEncCtx@1@HAEAPEAUSLayerBSInfo@@AEAH2@Z 000000018002d4e0 f   encoder_ext.obj
 0001:0002c790       ?WriteSsvcParaset@WelsEnc@@YAHPEAUTagWelsEncCtx@1@HAEAPEAUSLayerBSInfo@@AEAH2@Z 000000018002d790 f   encoder_ext.obj
 0001:0002c8c0       ?WelsI16x16LumaPredDcLeft_c@WelsEnc@@YAXPEAE0H@Z 000000018002d8c0 f   get_intra_predictor.obj
 0001:0002c910       ?WelsI16x16LumaPredDcNA_c@WelsEnc@@YAXPEAE0H@Z 000000018002d910 f   get_intra_predictor.obj
 0001:0002c920       ?WelsI16x16LumaPredDcTop_c@WelsEnc@@YAXPEAE0H@Z 000000018002d920 f   get_intra_predictor.obj
 0001:0002c970       ?WelsI16x16LumaPredDc_c@WelsEnc@@YAXPEAE0H@Z 000000018002d970 f   get_intra_predictor.obj
 0001:0002c9f0       ?WelsI16x16LumaPredPlane_c@WelsEnc@@YAXPEAE0H@Z 000000018002d9f0 f   get_intra_predictor.obj
 0001:0002cdc0       ?WelsI4x4LumaPredDDLTop_c@WelsEnc@@YAXPEAE0H@Z 000000018002ddc0 f   get_intra_predictor.obj
 0001:0002cec0       ?WelsI4x4LumaPredDDL_c@WelsEnc@@YAXPEAE0H@Z 000000018002dec0 f   get_intra_predictor.obj
 0001:0002d040       ?WelsI4x4LumaPredDDR_c@WelsEnc@@YAXPEAE0H@Z 000000018002e040 f   get_intra_predictor.obj
 0001:0002d1f0       ?WelsI4x4LumaPredDcLeft_c@WelsEnc@@YAXPEAE0H@Z 000000018002e1f0 f   get_intra_predictor.obj
 0001:0002d260       ?WelsI4x4LumaPredDcNA_c@WelsEnc@@YAXPEAE0H@Z 000000018002e260 f   get_intra_predictor.obj
 0001:0002d280       ?WelsI4x4LumaPredDcTop_c@WelsEnc@@YAXPEAE0H@Z 000000018002e280 f   get_intra_predictor.obj
 0001:0002d310       ?WelsI4x4LumaPredDc_c@WelsEnc@@YAXPEAE0H@Z 000000018002e310 f   get_intra_predictor.obj
 0001:0002d3d0       ?WelsI4x4LumaPredHD_c@WelsEnc@@YAXPEAE0H@Z 000000018002e3d0 f   get_intra_predictor.obj
 0001:0002d560       ?WelsI4x4LumaPredHU_c@WelsEnc@@YAXPEAE0H@Z 000000018002e560 f   get_intra_predictor.obj
 0001:0002d660       ?WelsI4x4LumaPredH_c@WelsEnc@@YAXPEAE0H@Z 000000018002e660 f   get_intra_predictor.obj
 0001:0002d730       ?WelsI4x4LumaPredVLTop_c@WelsEnc@@YAXPEAE0H@Z 000000018002e730 f   get_intra_predictor.obj
 0001:0002d830       ?WelsI4x4LumaPredVL_c@WelsEnc@@YAXPEAE0H@Z 000000018002e830 f   get_intra_predictor.obj
 0001:0002d9d0       ?WelsI4x4LumaPredVR_c@WelsEnc@@YAXPEAE0H@Z 000000018002e9d0 f   get_intra_predictor.obj
 0001:0002db50       ?WelsI4x4LumaPredV_c@WelsEnc@@YAXPEAE0H@Z 000000018002eb50 f   get_intra_predictor.obj
 0001:0002dbb0       ?WelsIChromaPredDcLeft_c@WelsEnc@@YAXPEAE0H@Z 000000018002ebb0 f   get_intra_predictor.obj
 0001:0002dc90       ?WelsIChromaPredDcNA_c@WelsEnc@@YAXPEAE0H@Z 000000018002ec90 f   get_intra_predictor.obj
 0001:0002dcc0       ?WelsIChromaPredDcTop_c@WelsEnc@@YAXPEAE0H@Z 000000018002ecc0 f   get_intra_predictor.obj
 0001:0002ddc0       ?WelsIChromaPredDc_c@WelsEnc@@YAXPEAE0H@Z 000000018002edc0 f   get_intra_predictor.obj
 0001:0002dfa0       ?WelsIChromaPredH_c@WelsEnc@@YAXPEAE0H@Z 000000018002efa0 f   get_intra_predictor.obj
 0001:0002dfe0       ?WelsIChromaPredPlane_c@WelsEnc@@YAXPEAE0H@Z 000000018002efe0 f   get_intra_predictor.obj
 0001:0002e1f0       ?WelsIChromaPredV_c@WelsEnc@@YAXPEAE0H@Z 000000018002f1f0 f   get_intra_predictor.obj
 0001:0002e220       ?WelsInitIntraPredFuncs@WelsEnc@@YAXPEAUTagWelsFuncPointerList@1@I@Z 000000018002f220 f   get_intra_predictor.obj
 0001:0002e4b0       ?AnalysisVaaInfoIntra_c@WelsEnc@@YAHPEAEH@Z 000000018002f4b0 f   md.obj
 0001:0002e7b0       ?FillNeighborCacheInterWithBGD@WelsEnc@@YAXPEAUTagMbCache@1@PEAUTagMB@1@HPEAC@Z 000000018002f7b0 f   md.obj
 0001:0002eb30       ?FillNeighborCacheInterWithoutBGD@WelsEnc@@YAXPEAUTagMbCache@1@PEAUTagMB@1@HPEAC@Z 000000018002fb30 f   md.obj
 0001:0002ee90       ?FillNeighborCacheIntra@WelsEnc@@YAXPEAUTagMbCache@1@PEAUTagMB@1@H@Z 000000018002fe90 f   md.obj
 0001:0002f060       ?InitFillNeighborCacheInterFunc@WelsEnc@@YAXPEAUTagWelsFuncPointerList@1@H@Z 0000000180030060 f   md.obj
 0001:0002f080       ?InitIntraAnalysisVaaInfo@WelsEnc@@YAXPEAUTagWelsFuncPointerList@1@I@Z 0000000180030080 f   md.obj
 0001:0002f0f0       ?InitMeRefinePointer@WelsEnc@@YAXPEAUTagMeRefinePointer@1@PEAUTagMbCache@1@H@Z 00000001800300f0 f   md.obj
 0001:0002f140       ?MdInterAnalysisVaaInfo_c@WelsEnc@@YAEPEAH@Z 0000000180030140 f   md.obj
 0001:0002f200       ?MdIntraAnalysisVaaInfo@WelsEnc@@YA_NPEAUTagWelsEncCtx@1@PEAE@Z 0000000180030200 f   md.obj
 0001:0002f230       ?MeRefineFracPixel@WelsEnc@@YAXPEAUTagWelsEncCtx@1@PEAEPEAUTagWelsME@1@PEAUTagMeRefinePointer@1@HH@Z 0000000180030230 f   md.obj
 0001:0002f9c0       ?MeRefineQuarPixel@WelsEnc@@YAXPEAUTagWelsFuncPointerList@1@PEAUTagWelsME@1@PEAUTagMeRefinePointer@1@HHPEAUTagQuarParams@1@H@Z 00000001800309c0 f i md.obj
 0001:0002fc10       ?MvdCostInit@WelsEnc@@YAXPEAGH@Z 0000000180030c10 f   md.obj
 0001:0002fe70       ?PredictSad@WelsEnc@@YAXPEACPEAHH1@Z 0000000180030e70 f   md.obj
 0001:0002ff60       ?PredictSadSkip@WelsEnc@@YAXPEACPEA_NPEAHH2@Z 0000000180030f60 f   md.obj
 0001:000300a0       ?UpdateMbMv_c@WelsEnc@@YAXPEAUSMVUnitXY@1@U21@@Z 00000001800310a0 f   md.obj
 0001:000300d0       ?PredInter16x8Mv@WelsEnc@@YAXPEAUTagMbCache@1@HCPEAUSMVUnitXY@1@@Z 00000001800310d0 f   mv_pred.obj
 0001:00030120       ?PredInter8x16Mv@WelsEnc@@YAXPEAUTagMbCache@1@HCPEAUSMVUnitXY@1@@Z 0000000180031120 f   mv_pred.obj
 0001:00030190       ?PredMv@WelsEnc@@YAXPEBUTagMVComponentUnit@1@CCHPEAUSMVUnitXY@1@@Z 0000000180031190 f   mv_pred.obj
 0001:00030340       ?PredSkipMv@WelsEnc@@YAXPEAUTagMbCache@1@PEAUSMVUnitXY@1@@Z 0000000180031340 f   mv_pred.obj
 0001:00030390       ?UpdateP16x16MotionInfo@WelsEnc@@YAXPEAUTagMbCache@1@PEAUTagMB@1@CPEAUSMVUnitXY@1@@Z 0000000180031390 f   mv_pred.obj
 0001:00030480       ?UpdateP16x8Motion2Cache@WelsEnc@@YAXPEAUTagMbCache@1@HCPEAUSMVUnitXY@1@@Z 0000000180031480 f   mv_pred.obj
 0001:00030500       ?UpdateP16x8MotionInfo@WelsEnc@@YAXPEAUTagMbCache@1@PEAUTagMB@1@HCPEAUSMVUnitXY@1@@Z 0000000180031500 f   mv_pred.obj
 0001:000305d0       ?UpdateP4x4MotionInfo@WelsEnc@@YAXPEAUTagMbCache@1@PEAUTagMB@1@HCPEAUSMVUnitXY@1@@Z 00000001800315d0 f   mv_pred.obj
 0001:00030610       ?UpdateP4x8MotionInfo@WelsEnc@@YAXPEAUTagMbCache@1@PEAUTagMB@1@HCPEAUSMVUnitXY@1@@Z 0000000180031610 f   mv_pred.obj
 0001:00030680       ?UpdateP8x16Motion2Cache@WelsEnc@@YAXPEAUTagMbCache@1@HCPEAUSMVUnitXY@1@@Z 0000000180031680 f   mv_pred.obj
 0001:00030700       ?UpdateP8x4MotionInfo@WelsEnc@@YAXPEAUTagMbCache@1@PEAUTagMB@1@HCPEAUSMVUnitXY@1@@Z 0000000180031700 f   mv_pred.obj
 0001:00030770       ?UpdateP8x8Motion2Cache@WelsEnc@@YAXPEAUTagMbCache@1@HCPEAUSMVUnitXY@1@@Z 0000000180031770 f   mv_pred.obj
 0001:000307b0       ?UpdateP8x8MotionInfo@WelsEnc@@YAXPEAUTagMbCache@1@PEAUTagMB@1@HCPEAUSMVUnitXY@1@@Z 00000001800317b0 f   mv_pred.obj
 0001:00030830       ?update_P8x16_motion_info@WelsEnc@@YAXPEAUTagMbCache@1@PEAUTagMB@1@HCPEAUSMVUnitXY@1@@Z 0000000180031830 f   mv_pred.obj
 0001:00030930       ?WelsEncodeNal@WelsEnc@@YAHPEAUTagWelsNalRaw@1@PEAXH1PEAH@Z 0000000180031930 f   nal_encap.obj
 0001:00030a70       ?WelsLoadNal@WelsEnc@@YAXPEAUTagWelsEncoderOutput@1@HH@Z 0000000180031a70 f   nal_encap.obj
 0001:00030ad0       ?WelsLoadNalForSlice@WelsEnc@@YAXPEAUTagWelsSliceBs@1@HH@Z 0000000180031ad0 f   nal_encap.obj
 0001:00030b30       ?WelsUnloadNal@WelsEnc@@YAXPEAUTagWelsEncoderOutput@1@@Z 0000000180031b30 f   nal_encap.obj
 0001:00030b70       ?WelsUnloadNalForSlice@WelsEnc@@YAXPEAUTagWelsSliceBs@1@@Z 0000000180031b70 f   nal_encap.obj
 0001:00030bb0       ?WelsWriteSVCPrefixNal@WelsEnc@@YAHPEAUTagBitStringAux@WelsCommon@@H_N@Z 0000000180031bb0 f   nal_encap.obj
 0001:00030c70       ??0CWelsParametersetIdConstant@WelsEnc@@QEAA@_NH@Z 0000000180031c70 f   paraset_strategy.obj
 0001:00030ce0       ??0CWelsParametersetSpsListing@WelsEnc@@QEAA@_NH@Z 0000000180031ce0 f   paraset_strategy.obj
 0001:00030d50       ??0CWelsParametersetSpsPpsListing@WelsEnc@@QEAA@_NH@Z 0000000180031d50 f   paraset_strategy.obj
 0001:00030dc0       ??1CWelsParametersetIdConstant@WelsEnc@@UEAA@XZ 0000000180031dc0 f   paraset_strategy.obj
 0001:00030dd0       ??_ECWelsParametersetIdConstant@WelsEnc@@UEAAPEAXI@Z 0000000180031dd0 f i paraset_strategy.obj
 0001:00030dd0       ??_ECWelsParametersetIdIncreasing@WelsEnc@@UEAAPEAXI@Z 0000000180031dd0 f i paraset_strategy.obj
 0001:00030dd0       ??_ECWelsParametersetSpsListing@WelsEnc@@UEAAPEAXI@Z 0000000180031dd0 f i paraset_strategy.obj
 0001:00030dd0       ??_ECWelsParametersetSpsListingPpsIncreasing@WelsEnc@@UEAAPEAXI@Z 0000000180031dd0 f i paraset_strategy.obj
 0001:00030dd0       ??_ECWelsParametersetSpsPpsListing@WelsEnc@@UEAAPEAXI@Z 0000000180031dd0 f i paraset_strategy.obj
 0001:00030dd0       ??_GCWelsParametersetIdConstant@WelsEnc@@UEAAPEAXI@Z 0000000180031dd0 f i paraset_strategy.obj
 0001:00030dd0       ??_GCWelsParametersetIdIncreasing@WelsEnc@@UEAAPEAXI@Z 0000000180031dd0 f i paraset_strategy.obj
 0001:00030dd0       ??_GCWelsParametersetSpsListing@WelsEnc@@UEAAPEAXI@Z 0000000180031dd0 f i paraset_strategy.obj
 0001:00030dd0       ??_GCWelsParametersetSpsListingPpsIncreasing@WelsEnc@@UEAAPEAXI@Z 0000000180031dd0 f i paraset_strategy.obj
 0001:00030dd0       ??_GCWelsParametersetSpsPpsListing@WelsEnc@@UEAAPEAXI@Z 0000000180031dd0 f i paraset_strategy.obj
 0001:00030e10       ??_EIWelsParametersetStrategy@WelsEnc@@UEAAPEAXI@Z 0000000180031e10 f i paraset_strategy.obj
 0001:00030e10       ??_GIWelsParametersetStrategy@WelsEnc@@UEAAPEAXI@Z 0000000180031e10 f i paraset_strategy.obj
 0001:00030f30       ?CheckParamCompatibility@CWelsParametersetIdConstant@WelsEnc@@UEAA_NPEAUTagWelsSvcCodingParam@2@PEAUTagLogContext@@@Z 0000000180031f30 f i paraset_strategy.obj
 0001:00030f30       ?CheckPpsGenerating@CWelsParametersetSpsListing@WelsEnc@@MEAA_NXZ 0000000180031f30 f i paraset_strategy.obj
 0001:00030f30       __acrt_uninitialize_command_line 0000000180031f30 f i libucrt:argv_data.obj
 0001:00030f40       ?CheckParamCompatibility@CWelsParametersetSpsListing@WelsEnc@@UEAA_NPEAUTagWelsSvcCodingParam@2@PEAUTagLogContext@@@Z 0000000180031f40 f   paraset_strategy.obj
 0001:00030fa0       ?CheckPpsGenerating@CWelsParametersetSpsPpsListing@WelsEnc@@MEAA_NXZ 0000000180031fa0 f   paraset_strategy.obj
 0001:00030fb0       ?CreateParametersetStrategy@IWelsParametersetStrategy@WelsEnc@@SAPEAV12@W4EParameterSetStrategy@@_NH@Z 0000000180031fb0 f   paraset_strategy.obj
 0001:00031100       ?FindExistingPps@WelsEnc@@YAHPEAUTagWelsSPS@1@PEAUTagSubsetSps@1@_NH2HPEAUTagWelsPPS@1@@Z 0000000180032100 f   paraset_strategy.obj
 0001:000311d0       ?FindExistingSps@WelsEnc@@YAHPEAUTagWelsSvcCodingParam@1@_NHHHPEAUTagWelsSPS@1@PEAUTagSubsetSps@1@_N@Z 00000001800321d0 f   paraset_strategy.obj
 0001:00031330       ?GenerateNewSps@CWelsParametersetIdConstant@WelsEnc@@UEAAIPEAUTagWelsEncCtx@2@_NHHIAEAPEAUTagWelsSPS@2@AEAPEAUTagSubsetSps@2@_N@Z 0000000180032330 f   paraset_strategy.obj
 0001:00031390       ?GenerateNewSps@CWelsParametersetSpsListing@WelsEnc@@UEAAIPEAUTagWelsEncCtx@2@_NHHIAEAPEAUTagWelsSPS@2@AEAPEAUTagSubsetSps@2@_N@Z 0000000180032390 f   paraset_strategy.obj
 0001:00031520       ?GetAllNeededParasetNum@CWelsParametersetIdConstant@WelsEnc@@UEAAIXZ 0000000180032520 f   paraset_strategy.obj
 0001:00031560       ?GetCurrentPpsId@CWelsParametersetIdConstant@WelsEnc@@UEAAHHH@Z 0000000180032560 f i paraset_strategy.obj
 0001:00031560       ?GetSpsIdx@CWelsParametersetSpsListing@WelsEnc@@UEAAHH@Z 0000000180032560 f i paraset_strategy.obj
 0001:00031570       ?GetCurrentPpsId@CWelsParametersetSpsPpsListing@WelsEnc@@UEAAHHH@Z 0000000180032570 f   paraset_strategy.obj
 0001:00031590       ?GetNeededPpsNum@CWelsParametersetIdConstant@WelsEnc@@UEAAIXZ 0000000180032590 f   paraset_strategy.obj
 0001:000315d0       ?GetNeededSpsNum@CWelsParametersetIdConstant@WelsEnc@@UEAAIXZ 00000001800325d0 f   paraset_strategy.obj
 0001:00031610       ?GetNeededSubsetSpsNum@CWelsParametersetIdConstant@WelsEnc@@UEAAIXZ 0000000180032610 f   paraset_strategy.obj
 0001:00031640       ?GetNeededSubsetSpsNum@CWelsParametersetSpsListing@WelsEnc@@UEAAIXZ 0000000180032640 f   paraset_strategy.obj
 0001:00031670       ?DecodeFrameEx@CWelsDecoder@WelsDec@@UEAA?AW4DECODING_STATE@@PEBEHPEAEHAEAH222@Z 0000000180032670 f   welsDecoderExt.obj
 0001:00031670       ?Flush@CVpFrameWork@WelsVP@@UEAA?AW4EResult@@H@Z 0000000180032670 f   WelsFrameWork.obj
 0001:00031670       ?Flush@IStrategy@WelsVP@@UEAA?AW4EResult@@H@Z 0000000180032670 f   AdaptiveQuantization.obj
 0001:00031670       ?Get@IStrategy@WelsVP@@UEAA?AW4EResult@@HPEAX@Z 0000000180032670 f   AdaptiveQuantization.obj
 0001:00031670       ?GetPpsIdOffset@CWelsParametersetIdConstant@WelsEnc@@UEAAHH@Z 0000000180032670 f   paraset_strategy.obj
 0001:00031670       ?GetSpsIdOffset@CWelsParametersetIdConstant@WelsEnc@@UEAAHHH@Z 0000000180032670 f   paraset_strategy.obj
 0001:00031670       ?GetSpsIdx@CWelsParametersetIdConstant@WelsEnc@@UEAAHH@Z 0000000180032670 f   paraset_strategy.obj
 0001:00031670       ?GetTaskType@CWelsConstrainedSizeSlicingEncodingTask@WelsEnc@@UEBAIXZ 0000000180032670 f   wels_task_management.obj
 0001:00031670       ?GetTaskType@CWelsLoadBalancingSlicingEncodingTask@WelsEnc@@UEBAIXZ 0000000180032670 f   wels_task_management.obj
 0001:00031670       ?GetTaskType@CWelsSliceEncodingTask@WelsEnc@@UEBAIXZ 0000000180032670 f   wels_task_encoder.obj
 0001:00031670       ?Init@IStrategy@WelsVP@@UEAA?AW4EResult@@HPEAX@Z 0000000180032670 f   AdaptiveQuantization.obj
 0001:00031670       ?Set@IStrategy@WelsVP@@UEAA?AW4EResult@@HPEAX@Z 0000000180032670 f   AdaptiveQuantization.obj
 0001:00031670       ?SpecialFeature@CVpFrameWork@WelsVP@@UEAA?AW4EResult@@HPEAX0@Z 0000000180032670 f   WelsFrameWork.obj
 0001:00031670       ?SpecialFeature@IStrategy@WelsVP@@UEAA?AW4EResult@@HPEAX0@Z 0000000180032670 f   AdaptiveQuantization.obj
 0001:00031670       ?Uninit@IStrategy@WelsVP@@UEAA?AW4EResult@@H@Z 0000000180032670 f   AdaptiveQuantization.obj
 0001:00031670       WelsThreadSetName          0000000180032670 f   WelsThreadLib.obj
 0001:00031680       ?GetPpsIdOffset@CWelsParametersetIdIncreasing@WelsEnc@@UEAAHH@Z 0000000180032680 f   paraset_strategy.obj
 0001:00031680       ?GetPpsIdOffset@CWelsParametersetSpsListingPpsIncreasing@WelsEnc@@UEAAHH@Z 0000000180032680 f   paraset_strategy.obj
 0001:00031690       ?GetSpsIdOffset@CWelsParametersetIdIncreasing@WelsEnc@@UEAAHHH@Z 0000000180032690 f   paraset_strategy.obj
 0001:000316c0       ?GetSpsIdOffsetList@CWelsParametersetIdConstant@WelsEnc@@UEAAPEAHH@Z 00000001800326c0 f   paraset_strategy.obj
 0001:000316e0       ?InitPps@CWelsParametersetIdConstant@WelsEnc@@UEAAIPEAUTagWelsEncCtx@2@IPEAUTagWelsSPS@2@PEAUTagSubsetSps@2@I_N33@Z 00000001800326e0 f   paraset_strategy.obj
 0001:00031760       ?InitPps@CWelsParametersetSpsPpsListing@WelsEnc@@UEAAIPEAUTagWelsEncCtx@2@IPEAUTagWelsSPS@2@PEAUTagSubsetSps@2@I_N33@Z 0000000180032760 f   paraset_strategy.obj
 0001:00031840       ?LoadPrevious@CWelsParametersetSpsListing@WelsEnc@@UEAAXPEAUTagExistingParasetList@2@PEAUTagWelsSPS@2@PEAUTagSubsetSps@2@PEAUTagWelsPPS@2@@Z 0000000180032840 f   paraset_strategy.obj
 0001:00031880       ?LoadPreviousPps@CWelsParametersetSpsPpsListing@WelsEnc@@MEAAXPEAUTagExistingParasetList@2@PEAUTagWelsPPS@2@@Z 0000000180032880 f   paraset_strategy.obj
 0001:00031910       ?LoadPreviousSps@CWelsParametersetSpsListing@WelsEnc@@MEAAXPEAUTagExistingParasetList@2@PEAUTagWelsSPS@2@PEAUTagSubsetSps@2@@Z 0000000180032910 f   paraset_strategy.obj
 0001:000319a0       ?LoadPreviousStructure@CWelsParametersetIdNonConstant@WelsEnc@@UEAAXPEAUTagParaSetOffsetVariable@2@PEAH@Z 00000001800329a0 f   paraset_strategy.obj
 0001:00031a30       ?LoadPreviousStructure@CWelsParametersetSpsPpsListing@WelsEnc@@UEAAXPEAUTagParaSetOffsetVariable@2@PEAH@Z 0000000180032a30 f   paraset_strategy.obj
 0001:00031b30       ?OutputCurrentStructure@CWelsParametersetIdNonConstant@WelsEnc@@UEAAXPEAUTagParaSetOffsetVariable@2@PEAHPEAUTagWelsEncCtx@2@PEAUTagExistingParasetList@2@@Z 0000000180032b30 f   paraset_strategy.obj
 0001:00031bf0       ?OutputCurrentStructure@CWelsParametersetSpsListing@WelsEnc@@UEAAXPEAUTagParaSetOffsetVariable@2@PEAHPEAUTagWelsEncCtx@2@PEAUTagExistingParasetList@2@@Z 0000000180032bf0 f   paraset_strategy.obj
 0001:00031c90       ?OutputCurrentStructure@CWelsParametersetSpsPpsListing@WelsEnc@@UEAAXPEAUTagParaSetOffsetVariable@2@PEAHPEAUTagWelsEncCtx@2@PEAUTagExistingParasetList@2@@Z 0000000180032c90 f   paraset_strategy.obj
 0001:00031db0       ?ParasetIdAdditionIdAdjust@WelsEnc@@YAXPEAUTagParaSetOffsetVariable@1@HI@Z 0000000180032db0 f   paraset_strategy.obj
 0001:00031de0       ?SetUseSubsetFlag@CWelsParametersetIdConstant@WelsEnc@@UEAAXI_N@Z 0000000180032de0 f   paraset_strategy.obj
 0001:00031df0       ?SpsReset@CWelsParametersetSpsListing@WelsEnc@@MEAAHPEAUTagWelsEncCtx@2@_N@Z 0000000180032df0 f   paraset_strategy.obj
 0001:00031e50       ?SpsReset@CWelsParametersetSpsPpsListing@WelsEnc@@MEAAHPEAUTagWelsEncCtx@2@_N@Z 0000000180032e50 f   paraset_strategy.obj
 0001:00031e60       ?Update@CWelsParametersetIdConstant@WelsEnc@@UEAAXIH@Z 0000000180032e60 f   paraset_strategy.obj
 0001:00031e80       ?Update@CWelsParametersetIdIncreasing@WelsEnc@@UEAAXIH@Z 0000000180032e80 f   paraset_strategy.obj
 0001:00031e80       ?Update@CWelsParametersetSpsListingPpsIncreasing@WelsEnc@@UEAAXIH@Z 0000000180032e80 f   paraset_strategy.obj
 0001:00031eb0       ?UpdateParaSetNum@CWelsParametersetSpsListing@WelsEnc@@UEAAXPEAUTagWelsEncCtx@2@@Z 0000000180032eb0 f   paraset_strategy.obj
 0001:00031ed0       ?UpdateParaSetNum@CWelsParametersetSpsPpsListing@WelsEnc@@UEAAXPEAUTagWelsEncCtx@2@@Z 0000000180032ed0 f   paraset_strategy.obj
 0001:00031f00       ?UpdatePpsList@CWelsParametersetSpsPpsListing@WelsEnc@@UEAAXPEAUTagWelsEncCtx@2@@Z 0000000180032f00 f   paraset_strategy.obj
 0001:00032760       ?AllocPicture@WelsEnc@@YAPEAUTagPicture@1@PEAVCMemoryAlign@WelsCommon@@HH_NH@Z 0000000180033760 f   picture_handle.obj
 0001:000329a0       ?FreePicture@WelsEnc@@YAXPEAVCMemoryAlign@WelsCommon@@PEAPEAUTagPicture@1@@Z 00000001800339a0 f   picture_handle.obj
 0001:00032af0       ?CheckFrameSkipBasedMaxbr@WelsEnc@@YAXPEAUTagWelsEncCtx@1@_JH@Z 0000000180033af0 f   ratectl.obj
 0001:00032dc0       ?GetTimestampForRc@WelsEnc@@YA_J_J0M@Z 0000000180033dc0 f   ratectl.obj
 0001:00032e00       ?GomRCInitForOneSlice@WelsEnc@@YAXPEAUTagSlice@1@H@Z 0000000180033e00 f   ratectl.obj
 0001:00032e60       ?RcCalculateCascadingQp@WelsEnc@@YAHPEAUTagWelsEncCtx@1@H@Z 0000000180033e60 f   ratectl.obj
 0001:00032eb0       ?RcCalculateGomQp@WelsEnc@@YAXPEAUTagWelsEncCtx@1@PEAUTagSlice@1@PEAUTagMB@1@@Z 0000000180033eb0 f   ratectl.obj
 0001:00032f70       ?RcCalculateIdrQp@WelsEnc@@YAXPEAUTagWelsEncCtx@1@@Z 0000000180033f70 f   ratectl.obj
 0001:000333a0       ?RcCalculateMbQp@WelsEnc@@YAXPEAUTagWelsEncCtx@1@PEAUTagSlice@1@PEAUTagMB@1@@Z 00000001800343a0 f   ratectl.obj
 0001:00033440       ?RcCalculatePictureQp@WelsEnc@@YAXPEAUTagWelsEncCtx@1@@Z 0000000180034440 f   ratectl.obj
 0001:00033760       ?RcDecideTargetBits@WelsEnc@@YAXPEAUTagWelsEncCtx@1@@Z 0000000180034760 f   ratectl.obj
 0001:00033870       ?RcDecideTargetBitsTimestamp@WelsEnc@@YAXPEAUTagWelsEncCtx@1@@Z 0000000180034870 f   ratectl.obj
 0001:00033b00       ?RcFreeLayerMemory@WelsEnc@@YAXPEAUTagWelsRc@1@PEAVCMemoryAlign@WelsCommon@@@Z 0000000180034b00 f   ratectl.obj
 0001:00033b60       ?RcGomTargetBits@WelsEnc@@YAXPEAUTagWelsEncCtx@1@PEAUTagSlice@1@@Z 0000000180034b60 f   ratectl.obj
 0001:00033d30       ?RcInitGomParameters@WelsEnc@@YAXPEAUTagWelsEncCtx@1@@Z 0000000180034d30 f   ratectl.obj
 0001:00033de0       ?RcInitLayerMemory@WelsEnc@@YAXPEAUTagWelsRc@1@PEAVCMemoryAlign@WelsCommon@@H@Z 0000000180034de0 f   ratectl.obj
 0001:00033e90       ?RcInitRefreshParameter@WelsEnc@@YAXPEAUTagWelsEncCtx@1@@Z 0000000180034e90 f   ratectl.obj
 0001:00033fb0       ?RcInitSequenceParameter@WelsEnc@@YAXPEAUTagWelsEncCtx@1@@Z 0000000180034fb0 f   ratectl.obj
 0001:00034210       ?RcInitSliceInformation@WelsEnc@@YAXPEAUTagWelsEncCtx@1@@Z 0000000180035210 f   ratectl.obj
 0001:000342e0       ?RcInitTlWeight@WelsEnc@@YAXPEAUTagWelsEncCtx@1@@Z 00000001800352e0 f   ratectl.obj
 0001:000344c0       ?RcInitVGop@WelsEnc@@YAXPEAUTagWelsEncCtx@1@@Z 00000001800354c0 f   ratectl.obj
 0001:000345b0       ?RcJudgeBaseUsability@WelsEnc@@YAPEAUTagWelsRc@1@PEAUTagWelsEncCtx@1@@Z 00000001800355b0 f   ratectl.obj
 0001:00034650       ?RcJudgeBitrateFpsUpdate@WelsEnc@@YA_NPEAUTagWelsEncCtx@1@@Z 0000000180035650 f   ratectl.obj
 0001:000346d0       ?RcTraceFrameBits@WelsEnc@@YAXPEAUTagWelsEncCtx@1@_JH@Z 00000001800356d0 f   ratectl.obj
 0001:000347f0       ?RcUpdateBitrateFps@WelsEnc@@YAXPEAUTagWelsEncCtx@1@@Z 00000001800357f0 f   ratectl.obj
 0001:00034a50       ?RcUpdateFrameComplexity@WelsEnc@@YAXPEAUTagWelsEncCtx@1@@Z 0000000180035a50 f   ratectl.obj
 0001:00034be0       ?RcUpdateIntraComplexity@WelsEnc@@YAXPEAUTagWelsEncCtx@1@@Z 0000000180035be0 f   ratectl.obj
 0001:00034d30       ?RcUpdatePictureQpBits@WelsEnc@@YAXPEAUTagWelsEncCtx@1@H@Z 0000000180035d30 f   ratectl.obj
 0001:00034e90       ?RcUpdateTemporalZero@WelsEnc@@YAXPEAUTagWelsEncCtx@1@@Z 0000000180035e90 f   ratectl.obj
 0001:00034f10       ?RcVBufferCalculationPadding@WelsEnc@@YAXPEAUTagWelsEncCtx@1@@Z 0000000180035f10 f   ratectl.obj
 0001:00034f90       ?RcVBufferCalculationSkip@WelsEnc@@YAXPEAUTagWelsEncCtx@1@@Z 0000000180035f90 f   ratectl.obj
 0001:00035150       ?UpdateBufferWhenFrameSkipped@WelsEnc@@YAXPEAUTagWelsEncCtx@1@H@Z 0000000180036150 f   ratectl.obj
 0001:00035240       ?UpdateMaxBrCheckWindowStatus@WelsEnc@@YAXPEAUTagWelsEncCtx@1@H_J@Z 0000000180036240 f   ratectl.obj
 0001:00035410       ?WelRcPictureInitBufferBasedQp@WelsEnc@@YAXPEAUTagWelsEncCtx@1@_J@Z 0000000180036410 f   ratectl.obj
 0001:000354b0       ?WelsRcCheckFrameStatus@WelsEnc@@YA_NPEAUTagWelsEncCtx@1@_JHH@Z 00000001800364b0 f   ratectl.obj
 0001:000356c0       ?WelsRcFrameDelayJudgeTimeStamp@WelsEnc@@YAXPEAUTagWelsEncCtx@1@_JH@Z 00000001800366c0 f   ratectl.obj
 0001:000358a0       ?WelsRcFreeMemory@WelsEnc@@YAXPEAUTagWelsEncCtx@1@@Z 00000001800368a0 f   ratectl.obj
 0001:00035900       ?WelsRcInitFuncPointers@WelsEnc@@YAXPEAUTagWelsEncCtx@1@W4RC_MODES@@@Z 0000000180036900 f   ratectl.obj
 0001:00035a50       ?WelsRcInitModule@WelsEnc@@YAXPEAUTagWelsEncCtx@1@W4RC_MODES@@@Z 0000000180036a50 f   ratectl.obj
 0001:00035a70       ?WelsRcMbInfoUpdateGom@WelsEnc@@YAXPEAUTagWelsEncCtx@1@PEAUTagMB@1@HPEAUTagSlice@1@@Z 0000000180036a70 f   ratectl.obj
 0001:00035b10       ?WelsRcMbInitDisable@WelsEnc@@YAXPEAUTagWelsEncCtx@1@PEAUTagMB@1@PEAUTagSlice@1@@Z 0000000180036b10 f   ratectl.obj
 0001:00035be0       ?WelsRcMbInitGom@WelsEnc@@YAXPEAUTagWelsEncCtx@1@PEAUTagMB@1@PEAUTagSlice@1@@Z 0000000180036be0 f   ratectl.obj
 0001:00035ce0       ?WelsRcPictureInfoUpdateGom@WelsEnc@@YAXPEAUTagWelsEncCtx@1@H@Z 0000000180036ce0 f   ratectl.obj
 0001:00035d70       ?WelsRcPictureInfoUpdateGomTimeStamp@WelsEnc@@YAXPEAUTagWelsEncCtx@1@H@Z 0000000180036d70 f   ratectl.obj
 0001:00035df0       ?WelsRcPictureInitDisable@WelsEnc@@YAXPEAUTagWelsEncCtx@1@_J@Z 0000000180036df0 f   ratectl.obj
 0001:00035ed0       ?WelsRcPictureInitGom@WelsEnc@@YAXPEAUTagWelsEncCtx@1@_J@Z 0000000180036ed0 f   ratectl.obj
 0001:00035fe0       ?CheckDirectionalMvFalse@WelsEnc@@YA_NP6AHPEAEH0H@ZPEAUTagWelsME@1@USMVUnitXY@1@3HHAEAH@Z 0000000180036fe0 f   svc_motion_estimate.obj
 0001:00035fe0       ?WelsMdInterJudgeBGDPskipFalse@WelsEnc@@YA_NPEAUTagWelsEncCtx@1@PEAUTagWelsMD@1@PEAUTagSlice@1@PEAUTagMB@1@PEAUTagMbCache@1@PEA_N@Z 0000000180036fe0 f   svc_mode_decision.obj
 0001:00035fe0       ?WelsMdInterJudgeSCDPskipFalse@WelsEnc@@YA_NPEAUTagWelsEncCtx@1@PEAUTagWelsMD@1@PEAUTagSlice@1@PEAUTagMB@1@PEAUTagMbCache@1@@Z 0000000180036fe0 f   svc_mode_decision.obj
 0001:00035fe0       ?WelsRcPostFrameSkipping@WelsEnc@@YA_NPEAUTagWelsEncCtx@1@H_J@Z 0000000180036fe0 f   ratectl.obj
 0001:00035ff0       ??_ECWelsReference_LosslessWithLtr@WelsEnc@@UEAAPEAXI@Z 0000000180036ff0 f i ref_list_mgr_svc.obj
 0001:00035ff0       ??_ECWelsReference_Screen@WelsEnc@@UEAAPEAXI@Z 0000000180036ff0 f i ref_list_mgr_svc.obj
 0001:00035ff0       ??_ECWelsReference_TemporalLayer@WelsEnc@@UEAAPEAXI@Z 0000000180036ff0 f i ref_list_mgr_svc.obj
 0001:00035ff0       ??_GCWelsReference_LosslessWithLtr@WelsEnc@@UEAAPEAXI@Z 0000000180036ff0 f i ref_list_mgr_svc.obj
 0001:00035ff0       ??_GCWelsReference_Screen@WelsEnc@@UEAAPEAXI@Z 0000000180036ff0 f i ref_list_mgr_svc.obj
 0001:00035ff0       ??_GCWelsReference_TemporalLayer@WelsEnc@@UEAAPEAXI@Z 0000000180036ff0 f i ref_list_mgr_svc.obj
 0001:00036020       ??_EIWelsReferenceStrategy@WelsEnc@@UEAAPEAXI@Z 0000000180037020 f i ref_list_mgr_svc.obj
 0001:00036020       ??_GIWelsReferenceStrategy@WelsEnc@@UEAAPEAXI@Z 0000000180037020 f i ref_list_mgr_svc.obj
 0001:00036050       ?AfterBuildRefList@CWelsReference_Screen@WelsEnc@@UEAAXXZ 0000000180037050 f   ref_list_mgr_svc.obj
 0001:00036060       ?BuildRefList@CWelsReference_LosslessWithLtr@WelsEnc@@UEAA_NHH@Z 0000000180037060 f   ref_list_mgr_svc.obj
 0001:00036070       ?BuildRefList@CWelsReference_Screen@WelsEnc@@UEAA_NHH@Z 0000000180037070 f   ref_list_mgr_svc.obj
 0001:00036070       ?BuildRefList@CWelsReference_TemporalLayer@WelsEnc@@UEAA_NHH@Z 0000000180037070 f   ref_list_mgr_svc.obj
 0001:00036080       ?CheckCurMarkFrameNumUsed@WelsEnc@@YA_NPEAUTagWelsEncCtx@1@@Z 0000000180037080 f   ref_list_mgr_svc.obj
 0001:000362a0       ?CreateReferenceStrategy@IWelsReferenceStrategy@WelsEnc@@SAPEAV12@PEAUTagWelsEncCtx@2@W4EUsageType@@_N@Z 00000001800372a0 f   ref_list_mgr_svc.obj
 0001:00036950       ?EndofUpdateRefList@CWelsReference_LosslessWithLtr@WelsEnc@@UEAAXXZ 0000000180037950 f   ref_list_mgr_svc.obj
 0001:00036960       ?EndofUpdateRefList@CWelsReference_Screen@WelsEnc@@UEAAXXZ 0000000180037960 f   ref_list_mgr_svc.obj
 0001:00036970       ?EndofUpdateRefList@CWelsReference_TemporalLayer@WelsEnc@@UEAAXXZ 0000000180037970 f   ref_list_mgr_svc.obj
 0001:00036980       ?FilterLTRMarkingFeedback@WelsEnc@@YAXPEAUTagWelsEncCtx@1@PEAUSLTRMarkingFeedback@@@Z 0000000180037980 f   ref_list_mgr_svc.obj
 0001:00036a40       ?FilterLTRRecoveryRequest@WelsEnc@@YAHPEAUTagWelsEncCtx@1@PEAUSLTRRecoverRequest@@@Z 0000000180037a40 f   ref_list_mgr_svc.obj
 0001:00036f00       ?Init@CWelsReference_TemporalLayer@WelsEnc@@UEAAXPEAUTagWelsEncCtx@2@@Z 0000000180037f00 f   ref_list_mgr_svc.obj
 0001:00036f00       ?SetTraceCallback@welsCodecTrace@@QEAAXP6AXPEAXHPEBD@Z@Z 0000000180037f00 f   welsCodecTrace.obj
 0001:00037300       ?MarkPic@CWelsReference_LosslessWithLtr@WelsEnc@@UEAAXXZ 0000000180038300 f   ref_list_mgr_svc.obj
 0001:00037310       ?MarkPic@CWelsReference_Screen@WelsEnc@@UEAAXXZ 0000000180038310 f   ref_list_mgr_svc.obj
 0001:00037310       ?MarkPic@CWelsReference_TemporalLayer@WelsEnc@@UEAAXXZ 0000000180038310 f   ref_list_mgr_svc.obj
 0001:000373f0       ?ResetLtrState@WelsEnc@@YAXPEAUTagLTRState@1@@Z 00000001800383f0 f   ref_list_mgr_svc.obj
 0001:000374b0       ?UpdateRefList@CWelsReference_LosslessWithLtr@WelsEnc@@UEAA_NXZ 00000001800384b0 f   ref_list_mgr_svc.obj
 0001:000374c0       ?UpdateRefList@CWelsReference_Screen@WelsEnc@@UEAA_NXZ 00000001800384c0 f   ref_list_mgr_svc.obj
 0001:000374c0       ?UpdateRefList@CWelsReference_TemporalLayer@WelsEnc@@UEAA_NXZ 00000001800384c0 f   ref_list_mgr_svc.obj
 0001:00037640       ?WelsBuildRefList@WelsEnc@@YA_NPEAUTagWelsEncCtx@1@HH@Z 0000000180038640 f   ref_list_mgr_svc.obj
 0001:000378a0       ?WelsBuildRefListScreen@WelsEnc@@YA_NPEAUTagWelsEncCtx@1@HH@Z 00000001800388a0 f   ref_list_mgr_svc.obj
 0001:00037c60       ?WelsMarkMMCORefInfo@WelsEnc@@YAXPEAUTagWelsEncCtx@1@PEAUTagLTRState@1@PEAPEAUTagSlice@1@H@Z 0000000180038c60 f   ref_list_mgr_svc.obj
 0001:00037dd0       ?WelsMarkMMCORefInfoScreen@WelsEnc@@YAXPEAUTagWelsEncCtx@1@PEAUTagLTRState@1@PEAPEAUTagSlice@1@H@Z 0000000180038dd0 f   ref_list_mgr_svc.obj
 0001:00037f30       ?WelsMarkPic@WelsEnc@@YAXPEAUTagWelsEncCtx@1@@Z 0000000180038f30 f   ref_list_mgr_svc.obj
 0001:00038010       ?WelsMarkPicScreen@WelsEnc@@YAXPEAUTagWelsEncCtx@1@@Z 0000000180039010 f   ref_list_mgr_svc.obj
 0001:00038310       ?WelsResetRefList@WelsEnc@@YAXPEAUTagWelsEncCtx@1@@Z 0000000180039310 f   ref_list_mgr_svc.obj
 0001:000383f0       ?WelsUpdateRefList@WelsEnc@@YA_NPEAUTagWelsEncCtx@1@@Z 00000001800393f0 f   ref_list_mgr_svc.obj
 0001:00038730       ?WelsUpdateRefListScreen@WelsEnc@@YA_NPEAUTagWelsEncCtx@1@@Z 0000000180039730 f   ref_list_mgr_svc.obj
 0001:00038910       ?WelsUpdateRefSyntax@WelsEnc@@YAXPEAUTagWelsEncCtx@1@HH@Z 0000000180039910 f   ref_list_mgr_svc.obj
 0001:000389c0       ?WelsUpdateSliceHeaderSyntax@WelsEnc@@YAXPEAUTagWelsEncCtx@1@HPEAPEAUTagSlice@1@H@Z 00000001800399c0 f   ref_list_mgr_svc.obj
 0001:00038b20       ?WelsInitSampleSadFunc@WelsEnc@@YAXPEAUTagWelsFuncPointerList@1@I@Z 0000000180039b20 f   sample.obj
 0001:00038e20       ?WelsSampleSatd16x16_c@WelsEnc@@YAHPEAEH0H@Z 0000000180039e20 f   sample.obj
 0001:00038ec0       ?WelsSampleSatd16x8_c@WelsEnc@@YAHPEAEH0H@Z 0000000180039ec0 f   sample.obj
 0001:00038f20       ?WelsSampleSatd4x4_c@WelsEnc@@YAHPEAEH0H@Z 0000000180039f20 f   sample.obj
 0001:000391d0       ?WelsSampleSatd4x8_c@WelsEnc@@YAHPEAEH0H@Z 000000018003a1d0 f   sample.obj
 0001:00039250       ?WelsSampleSatd8x16_c@WelsEnc@@YAHPEAEH0H@Z 000000018003a250 f   sample.obj
 0001:000392d0       ?WelsSampleSatd8x4_c@WelsEnc@@YAHPEAEH0H@Z 000000018003a2d0 f   sample.obj
 0001:00039330       ?WelsSampleSatd8x8_c@WelsEnc@@YAHPEAEH0H@Z 000000018003a330 f   sample.obj
 0001:00039400       ?WelsCabacContextInit@WelsEnc@@YAXPEAXPEAUTagCabacCtx@1@H@Z 000000018003a400 f   set_mb_syn_cabac.obj
 0001:000394c0       ?WelsCabacEncodeDecisionLps_@WelsEnc@@YAXPEAUTagCabacCtx@1@H@Z 000000018003a4c0 f   set_mb_syn_cabac.obj
 0001:00039580       ?WelsCabacEncodeFlush@WelsEnc@@YAXPEAUTagCabacCtx@1@@Z 000000018003a580 f   set_mb_syn_cabac.obj
 0001:00039600       ?WelsCabacEncodeGetPtr@WelsEnc@@YAPEAEPEAUTagCabacCtx@1@@Z 000000018003a600 f   set_mb_syn_cabac.obj
 0001:00039610       ?WelsCabacEncodeInit@WelsEnc@@YAXPEAUTagCabacCtx@1@PEAE1@Z 000000018003a610 f   set_mb_syn_cabac.obj
 0001:00039640       ?WelsCabacEncodeTerminate@WelsEnc@@YAXPEAUTagCabacCtx@1@I@Z 000000018003a640 f   set_mb_syn_cabac.obj
 0001:000396f0       ?WelsCabacEncodeUeBypass@WelsEnc@@YAXPEAUTagCabacCtx@1@HI@Z 000000018003a6f0 f   set_mb_syn_cabac.obj
 0001:00039810       ?WelsCabacEncodeUpdateLowNontrivial_@WelsEnc@@YAXPEAUTagCabacCtx@1@@Z 000000018003a810 f   set_mb_syn_cabac.obj
 0001:000398d0       ?WelsCabacInit@WelsEnc@@YAXPEAX@Z 000000018003a8d0 f   set_mb_syn_cabac.obj
 0001:000399b0       ?GetBsPosCabac@WelsEnc@@YAHPEAUTagSlice@1@@Z 000000018003a9b0 f   set_mb_syn_cavlc.obj
 0001:000399e0       ?GetBsPosCavlc@WelsEnc@@YAHPEAUTagSlice@1@@Z 000000018003a9e0 f   set_mb_syn_cavlc.obj
 0001:00039a00       ?InitCoeffFunc@WelsEnc@@YAXPEAUTagWelsFuncPointerList@1@IH@Z 000000018003aa00 f   set_mb_syn_cavlc.obj
 0001:00039a90       ?StashMBStatusCabac@WelsEnc@@YAXPEAUTagDynamicSlicingStack@1@PEAUTagSlice@1@H@Z 000000018003aa90 f   set_mb_syn_cavlc.obj
 0001:00039bd0       ?StashMBStatusCavlc@WelsEnc@@YAXPEAUTagDynamicSlicingStack@1@PEAUTagSlice@1@H@Z 000000018003abd0 f   set_mb_syn_cavlc.obj
 0001:00039c10       ?StashPopMBStatusCabac@WelsEnc@@YAHPEAUTagDynamicSlicingStack@1@PEAUTagSlice@1@@Z 000000018003ac10 f   set_mb_syn_cavlc.obj
 0001:00039d40       ?StashPopMBStatusCavlc@WelsEnc@@YAHPEAUTagDynamicSlicingStack@1@PEAUTagSlice@1@@Z 000000018003ad40 f   set_mb_syn_cavlc.obj
 0001:00039d80       ?WelsWriteSliceEndSyn@WelsEnc@@YAXPEAUTagSlice@1@_N@Z 000000018003ad80 f   set_mb_syn_cavlc.obj
 0001:00039ea0       ?WriteBlockResidualCavlc@WelsEnc@@YAHPEAUTagWelsFuncPointerList@1@PEAFHHHCPEAUTagBitStringAux@WelsCommon@@@Z 000000018003aea0 f   set_mb_syn_cavlc.obj
 0001:0003a3e0       CavlcParamCal_c            000000018003b3e0 f   set_mb_syn_cavlc.obj
 0001:0003a470       ?AdjustBaseLayer@WelsEnc@@YAHPEAUTagWelsEncCtx@1@@Z 000000018003b470 f   slice_multi_threading.obj
 0001:0003a4d0       ?AdjustEnhanceLayer@WelsEnc@@YAHPEAUTagWelsEncCtx@1@H@Z 000000018003b4d0 f   slice_multi_threading.obj
 0001:0003a570       ?AppendSliceToFrameBs@WelsEnc@@YAHPEAUTagWelsEncCtx@1@PEAUSLayerBSInfo@@H@Z 000000018003b570 f   slice_multi_threading.obj
 0001:0003a670       ?CalcSliceComplexRatio@WelsEnc@@YAXPEAUTagDqLayer@1@@Z 000000018003b670 f   slice_multi_threading.obj
 0001:0003a790       ?DynamicAdjustSlicing@WelsEnc@@YAXPEAUTagWelsEncCtx@1@PEAUTagDqLayer@1@H@Z 000000018003b790 f   slice_multi_threading.obj
 0001:0003a940       ?DynamicDetectCpuCores@WelsEnc@@YAHXZ 000000018003b940 f   slice_multi_threading.obj
 0001:0003a960       ?NeedDynamicAdjust@WelsEnc@@YAHPEAPEAUTagSlice@1@H@Z 000000018003b960 f   slice_multi_threading.obj
 0001:0003aab0       ?ReleaseMtResource@WelsEnc@@YAXPEAPEAUTagWelsEncCtx@1@@Z 000000018003bab0 f   slice_multi_threading.obj
 0001:0003adb0       ?RequestMtResource@WelsEnc@@YAHPEAPEAUTagWelsEncCtx@1@PEAUTagWelsSvcCodingParam@1@HH_N@Z 000000018003bdb0 f   slice_multi_threading.obj
 0001:0003b120       ?SetOneSliceBsBufferUnderMultithread@WelsEnc@@YAXPEAUTagWelsEncCtx@1@HPEAUTagSlice@1@@Z 000000018003c120 f   slice_multi_threading.obj
 0001:0003b150       ?UpdateMbListNeighborParallel@WelsEnc@@YAXPEAUTagDqLayer@1@PEAUTagMB@1@H@Z 000000018003c150 f   slice_multi_threading.obj
 0001:0003b1e0       ?WriteSliceBs@WelsEnc@@YAHPEAUTagWelsEncCtx@1@PEAUTagWelsSliceBs@1@HAEAH@Z 000000018003c1e0 f   slice_multi_threading.obj
 0001:0003b2f0       ?PredIntra4x4Mode@WelsEnc@@YAHPEACH@Z 000000018003c2f0 f   svc_base_layer_md.obj
 0001:0003b320       ?WelsMdBackgroundMbEnc@WelsEnc@@YAXPEAUTagWelsEncCtx@1@PEAUTagWelsMD@1@PEAUTagMB@1@PEAUTagMbCache@1@PEAUTagSlice@1@_N@Z 000000018003c320 f   svc_base_layer_md.obj
 0001:0003b710       ?WelsMdFirstIntraMode@WelsEnc@@YA_NPEAUTagWelsEncCtx@1@PEAUTagWelsMD@1@PEAUTagMB@1@PEAUTagMbCache@1@@Z 000000018003c710 f   svc_base_layer_md.obj
 0001:0003b7f0       ?WelsMdI16x16@WelsEnc@@YAHPEAUTagWelsFuncPointerList@1@PEAUTagDqLayer@1@PEAUTagMbCache@1@H@Z 000000018003c7f0 f   svc_base_layer_md.obj
 0001:0003baa0       ?WelsMdI4x4@WelsEnc@@YAHPEAUTagWelsEncCtx@1@PEAUTagWelsMD@1@PEAUTagMB@1@PEAUTagMbCache@1@@Z 000000018003caa0 f   svc_base_layer_md.obj
 0001:0003bfe0       ?WelsMdI4x4Fast@WelsEnc@@YAHPEAUTagWelsEncCtx@1@PEAUTagWelsMD@1@PEAUTagMB@1@PEAUTagMbCache@1@@Z 000000018003cfe0 f   svc_base_layer_md.obj
 0001:0003ca60       ?WelsMdInterDecidedPskip@WelsEnc@@YAXPEAUTagWelsEncCtx@1@PEAUTagSlice@1@PEAUTagMB@1@PEAUTagMbCache@1@@Z 000000018003da60 f   svc_base_layer_md.obj
 0001:0003cac0       ?WelsMdInterDoubleCheckPskip@WelsEnc@@YAXPEAUTagMB@1@PEAUTagMbCache@1@@Z 000000018003dac0 f   svc_base_layer_md.obj
 0001:0003cb30       ?WelsMdInterEncode@WelsEnc@@YAXPEAUTagWelsEncCtx@1@PEAUTagSlice@1@PEAUTagMB@1@PEAUTagMbCache@1@@Z 000000018003db30 f   svc_base_layer_md.obj
 0001:0003cc10       ?WelsMdInterFinePartition@WelsEnc@@YAXPEAUTagWelsEncCtx@1@PEAUTagWelsMD@1@PEAUTagSlice@1@PEAUTagMB@1@H@Z 000000018003dc10 f   svc_base_layer_md.obj
 0001:0003ccc0       ?WelsMdInterFinePartitionVaa@WelsEnc@@YAXPEAUTagWelsEncCtx@1@PEAUTagWelsMD@1@PEAUTagSlice@1@PEAUTagMB@1@H@Z 000000018003dcc0 f   svc_base_layer_md.obj
 0001:0003ce70       ?WelsMdInterInit@WelsEnc@@YAXPEAUTagWelsEncCtx@1@PEAUTagSlice@1@PEAUTagMB@1@H@Z 000000018003de70 f   svc_base_layer_md.obj
 0001:0003d040       ?WelsMdInterJudgePskip@WelsEnc@@YA_NPEAUTagWelsEncCtx@1@PEAUTagWelsMD@1@PEAUTagSlice@1@PEAUTagMB@1@PEAUTagMbCache@1@_N@Z 000000018003e040 f   svc_base_layer_md.obj
 0001:0003d0e0       ?WelsMdInterMb@WelsEnc@@YAXPEAUTagWelsEncCtx@1@PEAUTagWelsMD@1@PEAUTagSlice@1@PEAUTagMB@1@PEAUTagMbCache@1@@Z 000000018003e0e0 f   svc_base_layer_md.obj
 0001:0003d2c0       ?WelsMdInterMbRefinement@WelsEnc@@YAXPEAUTagWelsEncCtx@1@PEAUTagWelsMD@1@PEAUTagMB@1@PEAUTagMbCache@1@@Z 000000018003e2c0 f   svc_base_layer_md.obj
 0001:0003e620       ?WelsMdInterSaveSadAndRefMbType@WelsEnc@@YAXPEAIPEAUTagMbCache@1@PEBUTagMB@1@PEBUTagWelsMD@1@@Z 000000018003f620 f   svc_base_layer_md.obj
 0001:0003e660       ?WelsMdInterSecondaryModesEnc@WelsEnc@@YAXPEAUTagWelsEncCtx@1@PEAUTagWelsMD@1@PEAUTagSlice@1@PEAUTagMB@1@PEAUTagMbCache@1@_N@Z 000000018003f660 f   svc_base_layer_md.obj
 0001:0003e730       ?WelsMdInterUpdatePskip@WelsEnc@@YAXPEAUTagDqLayer@1@PEAUTagSlice@1@PEAUTagMB@1@PEAUTagMbCache@1@@Z 000000018003f730 f   svc_base_layer_md.obj
 0001:0003e780       ?WelsMdIntraChroma@WelsEnc@@YAHPEAUTagWelsFuncPointerList@1@PEAUTagDqLayer@1@PEAUTagMbCache@1@H@Z 000000018003f780 f   svc_base_layer_md.obj
 0001:0003eae0       ?WelsMdIntraFinePartition@WelsEnc@@YAHPEAUTagWelsEncCtx@1@PEAUTagWelsMD@1@PEAUTagMB@1@PEAUTagMbCache@1@@Z 000000018003fae0 f   svc_base_layer_md.obj
 0001:0003eb20       ?WelsMdIntraFinePartitionVaa@WelsEnc@@YAHPEAUTagWelsEncCtx@1@PEAUTagWelsMD@1@PEAUTagMB@1@PEAUTagMbCache@1@@Z 000000018003fb20 f   svc_base_layer_md.obj
 0001:0003eb90       ?WelsMdIntraInit@WelsEnc@@YAXPEAUTagWelsEncCtx@1@PEAUTagMB@1@PEAUTagMbCache@1@H@Z 000000018003fb90 f   svc_base_layer_md.obj
 0001:0003ed50       ?WelsMdIntraMb@WelsEnc@@YAXPEAUTagWelsEncCtx@1@PEAUTagWelsMD@1@PEAUTagMB@1@PEAUTagMbCache@1@@Z 000000018003fd50 f   svc_base_layer_md.obj
 0001:0003edc0       ?WelsMdIntraSecondaryModesEnc@WelsEnc@@YAXPEAUTagWelsEncCtx@1@PEAUTagWelsMD@1@PEAUTagMB@1@PEAUTagMbCache@1@@Z 000000018003fdc0 f   svc_base_layer_md.obj
 0001:0003ee60       ?WelsMdP16x16@WelsEnc@@YAHPEAUTagWelsFuncPointerList@1@PEAUTagDqLayer@1@PEAUTagWelsMD@1@PEAUTagSlice@1@PEAUTagMB@1@@Z 000000018003fe60 f   svc_base_layer_md.obj
[...]
 0003:000248cc       $unwind$terminate          00000001800e48cc     libucrt:terminate.obj
 0003:000248f0       $xdatasym                  00000001800e48f0     libucrt:strncmp.obj
 0003:000248f4       $unwind$_call_matherr      00000001800e48f4     libucrt:libm_error.obj
 0003:000248fc       $unwind$_handle_error      00000001800e48fc     libucrt:libm_error.obj
 0003:000248fc       $unwind$_handle_errorf     00000001800e48fc     libucrt:libm_error.obj
 0003:0002491c       $unwind$__acrt_initialize_fma3 00000001800e491c     libucrt:fma3_available.obj
 0003:00024924       $unwind$_log_special_common 00000001800e4924     libucrt:log_special.obj
 0003:00024930       $unwind$__acrt_call_reportfault 00000001800e4930     libucrt:invalid_parameter.obj
 0003:00024950       $unwind$_invalid_parameter 00000001800e4950     libucrt:invalid_parameter.obj
 0003:0002495c       $unwind$?construct_ptd_array@@YAXQEAU__acrt_ptd@@@Z 00000001800e495c     libucrt:per_thread_data.obj
 0003:00024964       $unwind$?destroy_ptd_array@@YAXQEAU__acrt_ptd@@@Z 00000001800e4964     libucrt:per_thread_data.obj
 0003:0002496c       $unwind$??$?RV<lambda_0ae27a3a962d80f24befdcbee591983d>@@AEAV<lambda_8d0ee55de4b1038c4002e0adecdf1839>@@V<lambda_dc504788e8f1664fe9b84e20bfb512f2>@@@?$__crt_seh_guarded_call@X@@QEAAX$$QEAV<lambda_0ae27a3a962d80f24befdcbee591983d>@@AEAV<lambda_8d0ee55de4b1038c4002e0adecdf1839>@@$$QEAV<lambda_dc504788e8f1664fe9b84e20bfb512f2>@@@Z 00000001800e496c     libucrt:per_thread_data.obj
 0003:00024990       $unwind$??$?RV<lambda_aa87e3671a710a21b5dc78c0bdf72e11>@@AEAV<lambda_92619d2358a28f41a33ba319515a20b9>@@V<lambda_6992ecaafeb10aed2b74cb1fae11a551>@@@?$__crt_seh_guarded_call@X@@QEAAX$$QEAV<lambda_aa87e3671a710a21b5dc78c0bdf72e11>@@AEAV<lambda_92619d2358a28f41a33ba319515a20b9>@@$$QEAV<lambda_6992ecaafeb10aed2b74cb1fae11a551>@@@Z 00000001800e4990     libucrt:per_thread_data.obj
 0003:000249b4       $unwind$??$?RV<lambda_f2e299630e499de9f9a165e60fcd3db5>@@AEAV<lambda_2ae9d31cdba2644fcbeaf08da7c24588>@@V<lambda_40d01ff24d0e7b3814fdbdcee8eab3c7>@@@?$__crt_seh_guarded_call@X@@QEAAX$$QEAV<lambda_f2e299630e499de9f9a165e60fcd3db5>@@AEAV<lambda_2ae9d31cdba2644fcbeaf08da7c24588>@@$$QEAV<lambda_40d01ff24d0e7b3814fdbdcee8eab3c7>@@@Z 00000001800e49b4     libucrt:per_thread_data.obj
 0003:000249d8       $unwind$??$?RV<lambda_2d41944a1d46af3157314b8a01080d33>@@AEAV<lambda_8f455de75cd7d7f24b4096f044d8b9e6>@@V<lambda_aa500f224e6afead328df44964fe2772>@@@?$__crt_seh_guarded_call@X@@QEAAX$$QEAV<lambda_2d41944a1d46af3157314b8a01080d33>@@AEAV<lambda_8f455de75cd7d7f24b4096f044d8b9e6>@@$$QEAV<lambda_aa500f224e6afead328df44964fe2772>@@@Z 00000001800e49d8     libucrt:per_thread_data.obj
 0003:000249fc       $unwind$__acrt_uninitialize_locale 00000001800e49fc     libucrt:wsetlocale.obj
 0003:000249fc       $unwind$__acrt_get_sigabrt_handler 00000001800e49fc     libucrt:signal.obj
 0003:00024a04       $unwind$??$?RV<lambda_410d79af7f07d98d83a3f525b3859a53>@@AEAV<lambda_3e16ef9562a7dcce91392c22ab16ea36>@@V<lambda_38119f0e861e05405d8a144b9b982f0a>@@@?$__crt_seh_guarded_call@X@@QEAAX$$QEAV<lambda_410d79af7f07d98d83a3f525b3859a53>@@AEAV<lambda_3e16ef9562a7dcce91392c22ab16ea36>@@$$QEAV<lambda_38119f0e861e05405d8a144b9b982f0a>@@@Z 00000001800e4a04     libucrt:wsetlocale.obj
 0003:00024a2c       $unwind$__acrt_initialize_winapi_thunks 00000001800e4a2c     libucrt:winapi_thunks.obj
 0003:00024a2c       $unwind$__acrt_fenv_get_control 00000001800e4a2c     libucrt:_fenvutils.obj
 0003:00024a34       $unwind$_close_internal    00000001800e4a34     libucrt:close.obj
 0003:00024a3c       $unwind$??$?RV<lambda_ad8af0d99a0adf03d037d7dffe354bb5>@@AEAV<lambda_c9ba49e555ba839a7b07aa3fbecb7617>@@V<lambda_2f1ebd5d68526518146ae959c9e734c8>@@@?$__crt_seh_guarded_call@H@@QEAAH$$QEAV<lambda_ad8af0d99a0adf03d037d7dffe354bb5>@@AEAV<lambda_c9ba49e555ba839a7b07aa3fbecb7617>@@$$QEAV<lambda_2f1ebd5d68526518146ae959c9e734c8>@@@Z 00000001800e4a3c     libucrt:close.obj
 0003:00024a60       $unwind$_commit            00000001800e4a60     libucrt:commit.obj
 0003:00024a68       $unwind$??$?RV<lambda_a37b2b86f63e897a80ea819b0eb08c01>@@AEAV<lambda_38ce7e780aa69e748d6df282ebc68efe>@@V<lambda_99fb1378e971ab6e7edea83e3a7a83a2>@@@?$__crt_seh_guarded_call@H@@QEAAH$$QEAV<lambda_a37b2b86f63e897a80ea819b0eb08c01>@@AEAV<lambda_38ce7e780aa69e748d6df282ebc68efe>@@$$QEAV<lambda_99fb1378e971ab6e7edea83e3a7a83a2>@@@Z 00000001800e4a68     libucrt:commit.obj
 0003:00024a8c       $unwind$_write_nolock      00000001800e4a8c     libucrt:write.obj
 0003:00024aa4       $unwind$_write_internal    00000001800e4aa4     libucrt:write.obj
 0003:00024ad4       $unwind$?write_double_translated_ansi_nolock@@YA?AUwrite_result@?A0x17268360@@HQEBDIAEAV__crt_cached_ptd_host@@@Z 00000001800e4ad4     libucrt:write.obj
 0003:00024b00       $ip2state$?write_double_translated_ansi_nolock@@YA?AUwrite_result@?A0x17268360@@HQEBDIAEAV__crt_cached_ptd_host@@@Z 00000001800e4b00     libucrt:write.obj
 0003:00024b08       $unwind$?write_text_ansi_nolock@@YA?AUwrite_result@?A0x17268360@@HQEBDI@Z 00000001800e4b08     libucrt:write.obj
 0003:00024b08       $unwind$?write_text_utf16le_nolock@@YA?AUwrite_result@?A0x17268360@@HQEBDI@Z 00000001800e4b08     libucrt:write.obj
 0003:00024b28       $unwind$?write_text_utf8_nolock@@YA?AUwrite_result@?A0x17268360@@HQEBDI@Z 00000001800e4b28     libucrt:write.obj
 0003:00024b4c       $unwind$??$common_lseek@_J@@YA_JH_JHAEAV__crt_cached_ptd_host@@@Z 00000001800e4b4c     libucrt:lseek.obj
 0003:00024b7c       $unwind$__acrt_initialize_lowio 00000001800e4b7c     libucrt:ioinit.obj
 0003:00024b9c       $unwind$?initialize_inherited_file_handles_nolock@@YAXXZ 00000001800e4b9c     libucrt:ioinit.obj
 0003:00024bb8       $unwind$??$write_buffer_nolock@D@@YA_NDV__crt_stdio_stream@@AEAV__crt_cached_ptd_host@@@Z 00000001800e4bb8     libucrt:_flsbuf.obj
 0003:00024bcc       $unwind$__acrt_stdio_end_temporary_buffering_nolock 00000001800e4bcc     libucrt:_sftbuf.obj
 0003:00024bd4       $unwind$?fp_format_a@@YAHQEBNPEAD_KQEAD2H_NIW4__acrt_rounding_mode@@AEAV__crt_cached_ptd_host@@@Z 00000001800e4bd4     libucrt:cvt.obj
 0003:00024bf0       $unwind$?fp_format_g@@YAHQEBNQEAD_K12H_NIW4__acrt_rounding_mode@@AEAV__crt_cached_ptd_host@@@Z 00000001800e4bf0     libucrt:cvt.obj
 0003:00024c08       $unwind$_wctomb_internal   00000001800e4c08     libucrt:wctomb.obj
 0003:00024c1c       $unwind$_fcloseall         00000001800e4c1c     libucrt:closeall.obj
 0003:00024c40       $unwind$??$common_expand_argv_wildcards@D@@YAHQEAPEADQEAPEAPEAD@Z 00000001800e4c40     libucrt:argv_wildcards.obj
 0003:00024c58       $unwind$__dcrt_get_narrow_environment_from_os 00000001800e4c58     libucrt:get_environment_from_os.obj
 0003:00024c58       $unwind$??$__acrt_convert_wcs_mbs_cp@_WDV<lambda_d8593a27d1aa8c02be35c86a17d324c4>@@U__crt_win32_buffer_internal_dynamic_resizing@@@@YAHQEB_WAEAV?$__crt_win32_buffer@DU__crt_win32_buffer_internal_dynamic_resizing@@@@AEBV<lambda_d8593a27d1aa8c02be35c86a17d324c4>@@I@Z 00000001800e4c58     libucrt:argv_wildcards.obj
 0003:00024c70       $unwind$??$expand_argument_wildcards@D@@YAHQEAD0AEAV?$argument_list@D@?A0x5f5c8891@@@Z 00000001800e4c70     libucrt:argv_wildcards.obj
 0003:00024c90       $unwind$__acrt_GetModuleFileNameA 00000001800e4c90     libucrt:getmodulefilenamea.obj
 0003:00024cac       $unwind$_setmbcp_nolock    00000001800e4cac     libucrt:mbctype.obj
 0003:00024ccc       $unwind$?update_thread_multibyte_data_internal@@YAPEAU__crt_multibyte_data@@QEAU__acrt_ptd@@QEAPEAU1@@Z 00000001800e4ccc     libucrt:mbctype.obj
 0003:00024cf4       $unwind$?setmbcp_internal@@YAHH_NQEAU__acrt_ptd@@QEAPEAU__crt_multibyte_data@@@Z 00000001800e4cf4     libucrt:mbctype.obj
 0003:00024d0c       $unwind$?setSBUpLow@@YAXPEAU__crt_multibyte_data@@@Z 00000001800e4d0c     libucrt:mbctype.obj
 0003:00024d28       $unwind$??$?RV<lambda_efdfa57d1f175319df784efa44bb7b81>@@AEAV<lambda_5f0a4c1567f8adc6734073e5d1e1b35c>@@V<lambda_2e8a7d3640ea6ccb4c2413664c2db6fd>@@@?$__crt_seh_guarded_call@X@@QEAAX$$QEAV<lambda_efdfa57d1f175319df784efa44bb7b81>@@AEAV<lambda_5f0a4c1567f8adc6734073e5d1e1b35c>@@$$QEAV<lambda_2e8a7d3640ea6ccb4c2413664c2db6fd>@@@Z 00000001800e4d28     libucrt:mbctype.obj
 0003:00024d4c       $unwind$raise              00000001800e4d4c     libucrt:signal.obj
 0003:00024d88       $unwind$??$?RV<lambda_450d765d439847d4c735a33c368b5fc0>@@AEAV<lambda_44731a7d0e6d81c3e6aa82d741081786>@@V<lambda_601a2a7da3b7a96e9554ac7215c4b07c>@@@?$__crt_seh_guarded_call@P6AXH@Z@@QEAAP6AXH@Z$$QEAV<lambda_450d765d439847d4c735a33c368b5fc0>@@AEAV<lambda_44731a7d0e6d81c3e6aa82d741081786>@@$$QEAV<lambda_601a2a7da3b7a96e9554ac7215c4b07c>@@@Z 00000001800e4d88     libucrt:signal.obj
 0003:00024dac       $unwind$_raise_exc_ex      00000001800e4dac     libucrt:fpexcept.obj
 0003:00024dc0       $unwind$_ctrlfp            00000001800e4dc0     libucrt:fpctrl.obj
 0003:00024de8       $unwind$__acrt_update_thread_locale_data 00000001800e4de8     libucrt:locale_refcounting.obj
 0003:00024e0c       $unwind$__acrt_locale_free_time 00000001800e4e0c     libucrt:inittime.obj
 0003:00024e1c       $unwind$__acrt_GetStringTypeA 00000001800e4e1c     libucrt:getstringtypea.obj
 0003:00024e44       $unwind$__acrt_lowio_destroy_handle_array 00000001800e4e44     libucrt:osfinfo.obj
 0003:00024e54       $unwind$__acrt_lowio_ensure_fh_exists 00000001800e4e54     libucrt:osfinfo.obj
 0003:00024e80       $unwind$?__mbsrtowcs_utf8@__crt_mbstring@@YA_KPEA_WPEAPEBD_KPEAU_Mbstatet@@AEAV__crt_cached_ptd_host@@@Z 00000001800e4e80     libucrt:mbrtowc.obj
 0003:00024e98       $unwind$__acrt_fp_strflt_to_string 00000001800e4e98     libucrt:_fptostr.obj
 0003:00024eb4       $unwind$__acrt_fltout      00000001800e4eb4     libucrt:cfout.obj
 0003:00024ed4       $unwind$?divide@__crt_strtox@@YA_KAEAUbig_integer@1@AEBU21@@Z 00000001800e4ed4     libucrt:cfout.obj
 0003:00024eec       $chain$0$?divide@__crt_strtox@@YA_KAEAUbig_integer@1@AEBU21@@Z 00000001800e4eec     libucrt:cfout.obj
 0003:00024f00       $chain$1$?divide@__crt_strtox@@YA_KAEAUbig_integer@1@AEBU21@@Z 00000001800e4f00     libucrt:cfout.obj
 0003:00024f10       $unwind$qsort              00000001800e4f10     libucrt:qsort.obj
 0003:00024f28       $chain$4$qsort             00000001800e4f28     libucrt:qsort.obj
 0003:00024f4c       $chain$5$qsort             00000001800e4f4c     libucrt:qsort.obj
 0003:00024f5c       $unwind$fallbackMethod     00000001800e4f5c     libucrt:strpbrk.obj
 0003:00024f6c       $unwind$__acrt_LCMapStringA 00000001800e4f6c     libucrt:lcmapstringa.obj
 0003:00024f7c       $unwind$?__acrt_LCMapStringA_stat@@YAHPEAU__crt_locale_pointers@@PEB_WKPEBDHPEADHHH@Z 00000001800e4f7c     libucrt:lcmapstringa.obj
 0003:00024fa8       $xdatasym                  00000001800e4fa8     libucrt:fpsr.obj
 0003:00024fb0       $unwind$?__mbrtoc32_utf8@__crt_mbstring@@YA_KPEA_UPEBD_KPEAU_Mbstatet@@AEAV__crt_cached_ptd_host@@@Z 00000001800e4fb0     libucrt:mbrtoc32.obj
 0003:00024fcc       $unwind$common_control87   00000001800e4fcc     libucrt:ieee.obj
 0003:00024ff8       $unwind$_IsNonwritableInCurrentImage 00000001800e4ff8     LIBCMT:pesect.obj
 0003:00025170       .edata                     00000001800e5170     openh264_dll.exp
 0003:00025198       rgpv                       00000001800e5198     openh264_dll.exp
 0003:000251b0       rgszName                   00000001800e51b0     openh264_dll.exp
 0003:000251c8       rgwOrd                     00000001800e51c8     openh264_dll.exp
 0003:000251d4       szName                     00000001800e51d4     openh264_dll.exp
 0003:000251e1       $N00001                    00000001800e51e1     openh264_dll.exp
 0003:000251f3       $N00002                    00000001800e51f3     openh264_dll.exp
 0003:00025208       $N00003                    00000001800e5208     openh264_dll.exp
 0003:0002521b       $N00004                    00000001800e521b     openh264_dll.exp
 0003:00025231       $N00005                    00000001800e5231     openh264_dll.exp
 0003:00025245       $N00006                    00000001800e5245     openh264_dll.exp
 0003:0002584a       .idata$6                   00000001800e584a     kernel32:KERNEL32.dll
 0004:00000040       ?__vcrt_flsindex@@3KA      00000001800e6040     libvcruntime:per_thread_data.obj
 0004:00000160       ?errno_no_memory@@3HA      00000001800e6160     libucrt:errno.obj
 0004:00000164       ?doserrno_no_memory@@3KA   00000001800e6164     libucrt:errno.obj
 0004:00000170       ?tzstd_program@@3PADA      00000001800e6170     libucrt:timeset.obj
 0004:000001b0       ?tzdst_program@@3PADA      00000001800e61b0     libucrt:timeset.obj
 0004:000001f0       ?w_tzstd_program@@3PA_WA   00000001800e61f0     libucrt:timeset.obj
 0004:00000270       ?w_tzdst_program@@3PA_WA   00000001800e6270     libucrt:timeset.obj
 0004:000002f0       ?tzname_states@@3PAY01PEADA 00000001800e62f0     libucrt:timeset.obj
 0004:00000300       ?w_tzname_states@@3PAY01PEA_WA 00000001800e6300     libucrt:timeset.obj
 0004:00000310       ?__acrt_flsindex@@3KA      00000001800e6310     libucrt:per_thread_data.obj
 0004:00000710       _mbctypes                  00000001800e6710     libucrt:mbctype.obj
 0004:00000820       _mbcasemaps                00000001800e6820     libucrt:mbctype.obj
 0004:00000920       ?__rgctypeflag@@3PADA      00000001800e6920     libucrt:mbctype.obj
 0004:00000930       ?__rgcode_page_info@@3PAUcode_page_info@@A 00000001800e6930     libucrt:mbctype.obj
 0004:00000a20       ?dazSupported@?1??_ctrlfp@@9@9 00000001800e6a20     libucrt:fpctrl.obj
 0004:00000bd0       ?__dcrt_lowio_console_output_handle@@3PEAXEA 00000001800e6bd0     libucrt:initcon.obj
 0004:00000bd8       ?dazSupported@?1??common_control87@@9@9 00000001800e6bd8     libucrt:ieee.obj
 0004:000017a0       ?iMtimeFreq@?1??WelsTime@@9@4_JA 00000001800e77a0     wels_task_encoder.obj
 0004:000017a8       ?iMtimeFreq@?1??WelsTime@@9@4_JA 00000001800e77a8     welsEncoderExt.obj
 0004:000017b0       ?iMtimeFreq@?1??WelsTime@@9@4_JA 00000001800e77b0     welsDecoderExt.obj
 0004:000017d0       ?initLock@?1??GetInitLock@?A0x3c33dba1@WelsCommon@@YAAEAVCWelsLock@3@XZ@4PEAV43@EA 00000001800e77d0     WelsThreadPool.obj
 0004:000017d8       ?$TSS0@?1??GetInitLock@?A0x3c33dba1@WelsCommon@@YAAEAVCWelsLock@3@XZ@4HA 00000001800e77d8     WelsThreadPool.obj
 0004:000017e0       GS_ExceptionRecord         00000001800e77e0     LIBCMT:gs_report.obj
 0004:00001880       GS_ContextRecord           00000001800e7880     LIBCMT:gs_report.obj
 0004:00001d50       ?g_tss_cv@@3U_RTL_CONDITION_VARIABLE@@A 00000001800e7d50     LIBCMT:thread_safe_statics.obj
 0004:00001d58       ?g_tss_srw@@3U_RTL_SRWLOCK@@A 00000001800e7d58     LIBCMT:thread_safe_statics.obj
 0004:00001d64       ?__proc_attached@@3HA      00000001800e7d64     LIBCMT:dll_dllmain.obj
 0004:00001d98       ?is_initialized_as_dll@@3_NA 00000001800e7d98     LIBCMT:utility.obj
 0004:00001d99       ?module_local_atexit_table_initialized@@3_NA 00000001800e7d99     LIBCMT:utility.obj
 0004:00001da0       ?module_local_atexit_table@@3U_onexit_table_t@@A 00000001800e7da0     LIBCMT:utility.obj
 0004:00001db8       ?module_local_at_quick_exit_table@@3U_onexit_table_t@@A 00000001800e7db8     LIBCMT:utility.obj
 0004:00001de0       ?__vcrt_startup_thread_ptd@@3U__vcrt_ptd@@A 00000001800e7de0     libvcruntime:per_thread_data.obj
 0004:00001ea8       ?heap@@3V_HeapManager@@A   00000001800e7ea8     libvcruntime:undname.obj
 0004:00001ed0       __vcrt_lock_table          00000001800e7ed0     libvcruntime:locks.obj
 0004:00001ef8       __vcrt_locks_initialized   00000001800e7ef8     libvcruntime:locks.obj
 0004:00001f00       ?module_handles@@3PAPEAUHINSTANCE__@@A 00000001800e7f00     libvcruntime:winapi_downlevel.obj
 0004:00001f18       ?function_pointers@@3PAPEAXA 00000001800e7f18     libvcruntime:winapi_downlevel.obj
 0004:00001f58       ?__acrt_new_handler@@3V?$dual_state_global@P6AH_K@Z@__crt_state_management@@A 00000001800e7f58     libucrt:new_handler.obj
 0004:00001f60       ?c_termination_complete@@3JA 00000001800e7f60     libucrt:exit.obj
 0004:00001f68       ?thread_local_exit_callback_func@@3P6AXPEAXK0@ZEA 00000001800e7f68     libucrt:exit.obj
 0004:00001f80       ?program_name@?1???$common_configure_argv@D@@YAHW4_crt_argv_mode@@@Z@4PADA 00000001800e7f80     libucrt:argv_parsing.obj
 0004:000020e0       ?__acrt_invalid_parameter_handler@@3V?$dual_state_global@P6AXPEB_W00I_K@Z@__crt_state_management@@A 00000001800e80e0     libucrt:invalid_parameter.obj
 0004:000020f8       ?_tzname@@3V?$dual_state_global@PEAPEAD@__crt_state_management@@A 00000001800e80f8     libucrt:timeset.obj
 0004:00002100       ?w_tzname@@3V?$dual_state_global@PEAPEA_W@__crt_state_management@@A 00000001800e8100     libucrt:timeset.obj
 0004:00002110       ?tz_api_used@@3HA          00000001800e8110     libucrt:tzset.obj
 0004:00002114       ?tzset_init_state@@3V?$dual_state_global@J@__crt_state_management@@A 00000001800e8114     libucrt:tzset.obj
 0004:00002120       ?tz_info@@3U_TIME_ZONE_INFORMATION@@A 00000001800e8120     libucrt:tzset.obj
 0004:000021e0       ?module_handles@@3PAPEAUHINSTANCE__@@A 00000001800e81e0     libucrt:winapi_thunks.obj
 0004:00002280       ?encoded_function_pointers@@3PAPEAXA 00000001800e8280     libucrt:winapi_thunks.obj
 0004:00002370       ?__acrt_lock_table@@3PAU_RTL_CRITICAL_SECTION@@A 00000001800e8370     libucrt:locks.obj
 0004:000025a0       ?__acrt_locks_initialized@@3IA 00000001800e85a0     libucrt:locks.obj
 0004:000029c8       ?internal_state@?1??_mbtowc_internal@@9@4U_Mbstatet@@A 00000001800e89c8     libucrt:mbtowc.obj
 0004:000029d0       ?enable_percent_n@@3_KA    00000001800e89d0     libucrt:printf_count_output.obj
 0004:000029f0       ?fSystemSet@@3HA           00000001800e89f0     libucrt:mbctype.obj
 0004:000029f4       ?initialized@?1??__acrt_initialize_multibyte@@9@4_NA 00000001800e89f4     libucrt:mbctype.obj
 0004:00002a30       ?ctrlc_action@@3V?$dual_state_global@P6AXH@Z@__crt_state_management@@A 00000001800e8a30     libucrt:signal.obj
 0004:00002a38       ?ctrlbreak_action@@3V?$dual_state_global@P6AXH@Z@__crt_state_management@@A 00000001800e8a38     libucrt:signal.obj
 0004:00002a40       ?abort_action@@3V?$dual_state_global@P6AXH@Z@__crt_state_management@@A 00000001800e8a40     libucrt:signal.obj
 0004:00002a48       ?term_action@@3V?$dual_state_global@P6AXH@Z@__crt_state_management@@A 00000001800e8a48     libucrt:signal.obj
 0004:00002a50       ?user_matherr@@3V?$dual_state_global@P6AHPEAU_exception@@@Z@__crt_state_management@@A 00000001800e8a50     libucrt:matherr.obj
 0004:00002a58       ?__acrt_global_new_mode@@3V?$dual_state_global@J@__crt_state_management@@A 00000001800e8a58     libucrt:new_mode.obj
 0004:00002a64       ?__acrt_app_type@@3W4_crt_app_type@@A 00000001800e8a64     libucrt:report_runtime_error.obj
 0004:00002a68       ?internal_pst@?1??__mbrtoc32_utf8@__crt_mbstring@@YA_KPEA_UPEBD_KPEAU_Mbstatet@@AEAV__crt_cached_ptd_host@@@Z@4U3@A 00000001800e8a68     libucrt:mbrtoc32.obj
 0006:00000000       SetSmall                   00000001800f0000     libvcruntime:memset.obj
 0006:00000040       SetSmallYmm                00000001800f0040     libvcruntime:memset.obj
 0006:00000064       SetSmallYmmNT              00000001800f0064     libvcruntime:memset.obj
 0006:00000088       SetSmallXmm                00000001800f0088     libvcruntime:memset.obj
 0006:000000b0       MoveSmall                  00000001800f00b0     libvcruntime:memcpy.obj
 0006:000000f0       MoveSmallYmm               00000001800f00f0     libvcruntime:memcpy.obj
 0006:00000114       MoveSmallYmmNT             00000001800f0114     libvcruntime:memcpy.obj
 0006:00000138       MoveSmallXmm               00000001800f0138     libvcruntime:memcpy.obj
 0007:00000060       $R000000                   00000001800f1060     openh264.res
